Component: Arm Compiler for Embedded 6.24 Tool: armlink [5f371500]

==============================================================================

Section Cross References

    startup_stm32h723xx.o(STACK) refers (Special) to heapauxi.o(.text) for __use_two_region_memory
    startup_stm32h723xx.o(HEAP) refers (Special) to heapauxi.o(.text) for __use_two_region_memory
    startup_stm32h723xx.o(RESET) refers (Special) to heapauxi.o(.text) for __use_two_region_memory
    startup_stm32h723xx.o(RESET) refers to startup_stm32h723xx.o(STACK) for __initial_sp
    startup_stm32h723xx.o(RESET) refers to startup_stm32h723xx.o(.text) for Reset_Handler
    startup_stm32h723xx.o(RESET) refers to stm32h7xx_it.o(.text.NMI_Handler) for NMI_Handler
    startup_stm32h723xx.o(RESET) refers to stm32h7xx_it.o(.text.HardFault_Handler) for HardFault_Handler
    startup_stm32h723xx.o(RESET) refers to stm32h7xx_it.o(.text.MemManage_Handler) for MemManage_Handler
    startup_stm32h723xx.o(RESET) refers to stm32h7xx_it.o(.text.BusFault_Handler) for BusFault_Handler
    startup_stm32h723xx.o(RESET) refers to stm32h7xx_it.o(.text.UsageFault_Handler) for UsageFault_Handler
    startup_stm32h723xx.o(RESET) refers to stm32h7xx_it.o(.text.DebugMon_Handler) for DebugMon_Handler
    startup_stm32h723xx.o(RESET) refers to tx_thread_schedule.o(.text) for PendSV_Handler
    startup_stm32h723xx.o(RESET) refers to tx_initialize_low_level.o(.text) for SysTick_Handler
    startup_stm32h723xx.o(RESET) refers to stm32h7xx_it.o(.text.TIM23_IRQHandler) for TIM23_IRQHandler
    startup_stm32h723xx.o(.text) refers (Special) to heapauxi.o(.text) for __use_two_region_memory
    startup_stm32h723xx.o(.text) refers to system_stm32h7xx.o(.text.ExitRun0Mode) for ExitRun0Mode
    startup_stm32h723xx.o(.text) refers to system_stm32h7xx.o(.text.SystemInit) for SystemInit
    startup_stm32h723xx.o(.text) refers to __main.o(!!!main) for __main
    startup_stm32h723xx.o(.text) refers to startup_stm32h723xx.o(HEAP) for Heap_Mem
    startup_stm32h723xx.o(.text) refers to startup_stm32h723xx.o(STACK) for Stack_Mem
    main.o(.text.main) refers to stm32h7xx_hal_cortex.o(.text.HAL_MPU_Disable) for HAL_MPU_Disable
    main.o(.text.main) refers to stm32h7xx_hal_cortex.o(.text.HAL_MPU_ConfigRegion) for HAL_MPU_ConfigRegion
    main.o(.text.main) refers to stm32h7xx_hal_cortex.o(.text.HAL_MPU_Enable) for HAL_MPU_Enable
    main.o(.text.main) refers to stm32h7xx_hal.o(.text.HAL_Init) for HAL_Init
    main.o(.text.main) refers to main.o(.text.SystemClock_Config) for SystemClock_Config
    main.o(.text.main) refers to stm32h7xx_hal_gpio.o(.text.HAL_GPIO_WritePin) for HAL_GPIO_WritePin
    main.o(.text.main) refers to stm32h7xx_hal_gpio.o(.text.HAL_GPIO_Init) for HAL_GPIO_Init
    main.o(.text.main) refers to app_threadx.o(.text.MX_ThreadX_Init) for MX_ThreadX_Init
    main.o(.ARM.exidx.text.main) refers to main.o(.text.main) for [Anonymous Symbol]
    main.o(.text.SystemClock_Config) refers to rt_memclr_w.o(.text) for __aeabi_memclr4
    main.o(.text.SystemClock_Config) refers to stm32h7xx_hal_pwr_ex.o(.text.HAL_PWREx_ConfigSupply) for HAL_PWREx_ConfigSupply
    main.o(.text.SystemClock_Config) refers to stm32h7xx_hal_rcc.o(.text.HAL_RCC_OscConfig) for HAL_RCC_OscConfig
    main.o(.text.SystemClock_Config) refers to stm32h7xx_hal_rcc.o(.text.HAL_RCC_ClockConfig) for HAL_RCC_ClockConfig
    main.o(.ARM.exidx.text.SystemClock_Config) refers to main.o(.text.SystemClock_Config) for [Anonymous Symbol]
    main.o(.ARM.exidx.text.Error_Handler) refers to main.o(.text.Error_Handler) for [Anonymous Symbol]
    main.o(.text.HAL_TIM_PeriodElapsedCallback) refers to stm32h7xx_hal.o(.text.HAL_IncTick) for HAL_IncTick
    main.o(.ARM.exidx.text.HAL_TIM_PeriodElapsedCallback) refers to main.o(.text.HAL_TIM_PeriodElapsedCallback) for [Anonymous Symbol]
    tx_initialize_low_level.o(.text) refers (Special) to tx_initialize_high_level.o(.bss._tx_initialize_unused_memory) for _tx_initialize_unused_memory
    tx_initialize_low_level.o(.text) refers (Special) to __main.o(!!!main) for __main
    tx_initialize_low_level.o(.text) refers (Special) to tx_thread_schedule.o(.text) for __tx_PendSVHandler
    tx_initialize_low_level.o(.text) refers to startup_stm32h723xx.o(RESET) for __Vectors
    tx_initialize_low_level.o(.text) refers to tx_thread_initialize.o(.bss._tx_thread_system_stack_ptr) for _tx_thread_system_stack_ptr
    tx_initialize_low_level.o(.text) refers to tx_timer_interrupt.o(.text) for _tx_timer_interrupt
    app_threadx.o(.text.App_ThreadX_Init) refers to txe_byte_allocate.o(.text._txe_byte_allocate) for _txe_byte_allocate
    app_threadx.o(.text.App_ThreadX_Init) refers to app_threadx.o(.text.tx_app_thread_entry) for tx_app_thread_entry
    app_threadx.o(.text.App_ThreadX_Init) refers to app_threadx.o(.bss.tx_app_thread) for tx_app_thread
    app_threadx.o(.text.App_ThreadX_Init) refers to txe_thread_create.o(.text._txe_thread_create) for _txe_thread_create
[...]
    .ARM.Collect$$libshutdown$$00000007      0x08000376   Section        0  libshutdown2.o(.ARM.Collect$$libshutdown$$00000007)
    .ARM.Collect$$libshutdown$$0000000A      0x08000376   Section        0  libshutdown2.o(.ARM.Collect$$libshutdown$$0000000A)
    .ARM.Collect$$libshutdown$$0000000C      0x08000376   Section        0  libshutdown2.o(.ARM.Collect$$libshutdown$$0000000C)
    .ARM.Collect$$libshutdown$$0000000F      0x08000376   Section        0  libshutdown2.o(.ARM.Collect$$libshutdown$$0000000F)
    .ARM.Collect$$libshutdown$$00000010      0x08000376   Section        2  libshutdown2.o(.ARM.Collect$$libshutdown$$00000010)
    .ARM.Collect$$rtentry$$00000000          0x08000378   Section        0  __rtentry.o(.ARM.Collect$$rtentry$$00000000)
    .ARM.Collect$$rtentry$$00000002          0x08000378   Section        0  __rtentry2.o(.ARM.Collect$$rtentry$$00000002)
    .ARM.Collect$$rtentry$$00000004          0x08000378   Section        6  __rtentry4.o(.ARM.Collect$$rtentry$$00000004)
    .ARM.Collect$$rtentry$$00000009          0x0800037e   Section        0  __rtentry2.o(.ARM.Collect$$rtentry$$00000009)
    .ARM.Collect$$rtentry$$0000000A          0x0800037e   Section        4  __rtentry2.o(.ARM.Collect$$rtentry$$0000000A)
    .ARM.Collect$$rtentry$$0000000C          0x08000382   Section        0  __rtentry2.o(.ARM.Collect$$rtentry$$0000000C)
    .ARM.Collect$$rtentry$$0000000D          0x08000382   Section        8  __rtentry2.o(.ARM.Collect$$rtentry$$0000000D)
    .ARM.Collect$$rtexit$$00000000           0x0800038a   Section        2  rtexit.o(.ARM.Collect$$rtexit$$00000000)
    .ARM.Collect$$rtexit$$00000002           0x0800038c   Section        0  rtexit2.o(.ARM.Collect$$rtexit$$00000002)
    .ARM.Collect$$rtexit$$00000003           0x0800038c   Section        4  rtexit2.o(.ARM.Collect$$rtexit$$00000003)
    .ARM.Collect$$rtexit$$00000004           0x08000390   Section        6  rtexit2.o(.ARM.Collect$$rtexit$$00000004)
    $v0                                      0x08000398   Number         0  startup_stm32h723xx.o(.text)
    .text                                    0x08000398   Section       72  startup_stm32h723xx.o(.text)
    [Anonymous Symbol]                       0x080003e0   Section        0  tx_initialize_low_level.o(.text)
    [Anonymous Symbol]                       0x08000480   Section        0  tx_thread_schedule.o(.text)
    __tx_wait_here                           0x080004aa   Number         0  tx_thread_schedule.o(.text)
    __tx_ts_handler                          0x080004ac   Number         0  tx_thread_schedule.o(.text)
    _skip_vfp_save                           0x080004cc   Number         0  tx_thread_schedule.o(.text)
    __tx_ts_new                              0x080004de   Number         0  tx_thread_schedule.o(.text)
    __tx_ts_restore                          0x080004e8   Number         0  tx_thread_schedule.o(.text)
    _skip_vfp_restore                        0x08000508   Number         0  tx_thread_schedule.o(.text)
    __tx_ts_wait                             0x08000512   Number         0  tx_thread_schedule.o(.text)
    __tx_ts_ready                            0x0800051e   Number         0  tx_thread_schedule.o(.text)
    [Anonymous Symbol]                       0x08000540   Section        0  tx_thread_stack_build.o(.text)
    [Anonymous Symbol]                       0x08000580   Section        0  tx_timer_interrupt.o(.text)
    __tx_timer_no_time_slice                 0x080005a0   Number         0  tx_timer_interrupt.o(.text)
    __tx_timer_no_timer                      0x080005b2   Number         0  tx_timer_interrupt.o(.text)
    __tx_timer_skip_wrap                     0x080005c2   Number         0  tx_timer_interrupt.o(.text)
    __tx_timer_done                          0x080005c4   Number         0  tx_timer_interrupt.o(.text)
    __tx_something_expired                   0x080005d0   Number         0  tx_timer_interrupt.o(.text)
    __tx_timer_dont_activate                 0x080005de   Number         0  tx_timer_interrupt.o(.text)
    __tx_timer_not_ts_expiration             0x08000602   Number         0  tx_timer_interrupt.o(.text)
    __tx_timer_skip_time_slice               0x08000602   Number         0  tx_timer_interrupt.o(.text)
    __tx_timer_nothing_expired               0x08000606   Number         0  tx_timer_interrupt.o(.text)
    .text                                    0x08000638   Section       16  aeabi_memset.o(.text)
    .text                                    0x08000648   Section       78  rt_memclr_w.o(.text)
    .text                                    0x08000696   Section        0  heapauxi.o(.text)
    .text                                    0x0800069c   Section       68  rt_memclr.o(.text)
    .text                                    0x080006e0   Section       74  sys_stackheap_outer.o(.text)
    .text                                    0x0800072a   Section        0  exit.o(.text)
    .text                                    0x0800073c   Section        8  libspace.o(.text)
    .text                                    0x08000744   Section        0  sys_exit.o(.text)
    .text                                    0x08000750   Section        2  use_no_semi.o(.text)
    .text                                    0x08000752   Section        0  indicate_semi.o(.text)
    [Anonymous Symbol]                       0x08000758   Section        0  app_threadx.o(.text.App_ThreadX_Init)
    [Anonymous Symbol]                       0x08000860   Section        0  stm32h7xx_it.o(.text.BusFault_Handler)
    [Anonymous Symbol]                       0x08000868   Section        0  stm32h7xx_it.o(.text.DebugMon_Handler)
    [Anonymous Symbol]                       0x08000870   Section        0  system_stm32h7xx.o(.text.ExitRun0Mode)
    [Anonymous Symbol]                       0x080008a0   Section        0  stm32h7xx_hal_gpio.o(.text.HAL_GPIO_Init)
    [Anonymous Symbol]                       0x08000a48   Section        0  stm32h7xx_hal_gpio.o(.text.HAL_GPIO_TogglePin)
    [Anonymous Symbol]                       0x08000a58   Section        0  stm32h7xx_hal_gpio.o(.text.HAL_GPIO_WritePin)
    [Anonymous Symbol]                       0x08000a68   Section        0  stm32h7xx_hal.o(.text.HAL_GetTick)
    [Anonymous Symbol]                       0x08000a78   Section        0  stm32h7xx_hal.o(.text.HAL_IncTick)
    [Anonymous Symbol]                       0x08000a98   Section        0  stm32h7xx_hal.o(.text.HAL_Init)
    [Anonymous Symbol]                       0x08000b00   Section        0  stm32h7xx_hal_timebase_tim.o(.text.HAL_InitTick)
    [Anonymous Symbol]                       0x08000ba0   Section        0  stm32h7xx_hal_cortex.o(.text.HAL_MPU_ConfigRegion)
    [Anonymous Symbol]                       0x08000c00   Section        0  stm32h7xx_hal_cortex.o(.text.HAL_MPU_Disable)
    [Anonymous Symbol]                       0x08000c20   Section        0  stm32h7xx_hal_cortex.o(.text.HAL_MPU_Enable)
    [Anonymous Symbol]                       0x08000c40   Section        0  stm32h7xx_hal_msp.o(.text.HAL_MspInit)
    [Anonymous Symbol]                       0x08000c60   Section        0  stm32h7xx_hal_cortex.o(.text.HAL_NVIC_EnableIRQ)
    [Anonymous Symbol]                       0x08000c88   Section        0  stm32h7xx_hal_cortex.o(.text.HAL_NVIC_SetPriority)
    [Anonymous Symbol]                       0x08000ce8   Section        0  stm32h7xx_hal_cortex.o(.text.HAL_NVIC_SetPriorityGrouping)
    [Anonymous Symbol]                       0x08000d08   Section        0  stm32h7xx_hal_pwr_ex.o(.text.HAL_PWREx_ConfigSupply)
    [Anonymous Symbol]                       0x08000d58   Section        0  stm32h7xx_hal_rcc.o(.text.HAL_RCC_ClockConfig)
    [Anonymous Symbol]                       0x08000fb0   Section        0  stm32h7xx_hal_rcc.o(.text.HAL_RCC_GetClockConfig)
    [Anonymous Symbol]                       0x08001008   Section        0  stm32h7xx_hal_rcc.o(.text.HAL_RCC_GetPCLK2Freq)
    [Anonymous Symbol]                       0x08001068   Section        0  stm32h7xx_hal_rcc.o(.text.HAL_RCC_GetSysClockFreq)
    [Anonymous Symbol]                       0x08001188   Section        0  stm32h7xx_hal_rcc.o(.text.HAL_RCC_OscConfig)
    [Anonymous Symbol]                       0x080016b8   Section        0  stm32h7xx_hal_tim_ex.o(.text.HAL_TIMEx_Break2Callback)
    [Anonymous Symbol]                       0x080016c0   Section        0  stm32h7xx_hal_tim_ex.o(.text.HAL_TIMEx_BreakCallback)
    [Anonymous Symbol]                       0x080016c8   Section        0  stm32h7xx_hal_tim_ex.o(.text.HAL_TIMEx_CommutCallback)
    [Anonymous Symbol]                       0x080016d0   Section        0  stm32h7xx_hal_tim.o(.text.HAL_TIM_Base_Init)
    [Anonymous Symbol]                       0x08001730   Section        0  stm32h7xx_hal_tim.o(.text.HAL_TIM_Base_MspInit)
    [Anonymous Symbol]                       0x08001738   Section        0  stm32h7xx_hal_tim.o(.text.HAL_TIM_Base_Start_IT)
    [Anonymous Symbol]                       0x08001818   Section        0  stm32h7xx_hal_tim.o(.text.HAL_TIM_IC_CaptureCallback)
    [Anonymous Symbol]                       0x08001820   Section        0  stm32h7xx_hal_tim.o(.text.HAL_TIM_IRQHandler)
    [Anonymous Symbol]                       0x08001990   Section        0  stm32h7xx_hal_tim.o(.text.HAL_TIM_OC_DelayElapsedCallback)
    [Anonymous Symbol]                       0x08001998   Section        0  stm32h7xx_hal_tim.o(.text.HAL_TIM_PWM_PulseFinishedCallback)
    [Anonymous Symbol]                       0x080019a0   Section        0  main.o(.text.HAL_TIM_PeriodElapsedCallback)
    [Anonymous Symbol]                       0x080019b8   Section        0  stm32h7xx_hal_tim.o(.text.HAL_TIM_TriggerCallback)
    [Anonymous Symbol]                       0x080019c0   Section        0  stm32h7xx_it.o(.text.HardFault_Handler)
    [Anonymous Symbol]                       0x080019c8   Section        0  app_threadx.o(.text.MX_ThreadX_Init)
    [Anonymous Symbol]                       0x080019d0   Section        0  stm32h7xx_it.o(.text.MemManage_Handler)
    [Anonymous Symbol]                       0x080019d8   Section        0  stm32h7xx_it.o(.text.NMI_Handler)
    [Anonymous Symbol]                       0x080019e0   Section        0  main.o(.text.SystemClock_Config)
    [Anonymous Symbol]                       0x08001aa8   Section        0  system_stm32h7xx.o(.text.SystemInit)
    [Anonymous Symbol]                       0x08001b80   Section        0  stm32h7xx_it.o(.text.TIM23_IRQHandler)
    [Anonymous Symbol]                       0x08001bb0   Section        0  stm32h7xx_hal_tim.o(.text.TIM_Base_SetConfig)
    [Anonymous Symbol]                       0x08001d28   Section        0  stm32h7xx_it.o(.text.UsageFault_Handler)
    [Anonymous Symbol]                       0x08001d30   Section        0  tx_byte_allocate.o(.text._tx_byte_allocate)
    [Anonymous Symbol]                       0x08001e10   Section        0  tx_byte_pool_cleanup.o(.text._tx_byte_pool_cleanup)
    [Anonymous Symbol]                       0x08001ea8   Section        0  tx_byte_pool_create.o(.text._tx_byte_pool_create)
    [Anonymous Symbol]                       0x08001f30   Section        0  tx_byte_pool_search.o(.text._tx_byte_pool_search)
    [Anonymous Symbol]                       0x08002030   Section        0  tx_initialize_high_level.o(.text._tx_initialize_high_level)
    [Anonymous Symbol]                       0x08002060   Section        0  tx_initialize_kernel_enter.o(.text._tx_initialize_kernel_enter)
    [Anonymous Symbol]                       0x080020b0   Section        0  tx_mutex_create.o(.text._tx_mutex_create)
    [Anonymous Symbol]                       0x08002120   Section        0  tx_mutex_prioritize.o(.text._tx_mutex_prioritize)
    [Anonymous Symbol]                       0x080021e0   Section        0  tx_mutex_priority_change.o(.text._tx_mutex_priority_change)
    [Anonymous Symbol]                       0x080022a0   Section        0  tx_mutex_put.o(.text._tx_mutex_put)
    [Anonymous Symbol]                       0x08002520   Section        0  tx_mutex_cleanup.o(.text._tx_mutex_thread_release)
    [Anonymous Symbol]                       0x08002568   Section        0  tx_queue_create.o(.text._tx_queue_create)
    [Anonymous Symbol]                       0x080025e8   Section        0  tx_semaphore_create.o(.text._tx_semaphore_create)
    [Anonymous Symbol]                       0x08002648   Section        0  tx_thread_create.o(.text._tx_thread_create)
    [Anonymous Symbol]                       0x08002798   Section        0  tx_thread_initialize.o(.text._tx_thread_initialize)
    [Anonymous Symbol]                       0x080027d0   Section        0  tx_thread_shell_entry.o(.text._tx_thread_shell_entry)
    [Anonymous Symbol]                       0x08002830   Section        0  tx_thread_sleep.o(.text._tx_thread_sleep)
    [Anonymous Symbol]                       0x080028c8   Section        0  tx_thread_system_preempt_check.o(.text._tx_thread_system_preempt_check)
    [Anonymous Symbol]                       0x08002918   Section        0  tx_thread_system_resume.o(.text._tx_thread_system_resume)
    [Anonymous Symbol]                       0x08002a48   Section        0  tx_thread_system_suspend.o(.text._tx_thread_system_suspend)
    [Anonymous Symbol]                       0x08002bd8   Section        0  tx_thread_time_slice.o(.text._tx_thread_time_slice)
    [Anonymous Symbol]                       0x08002c48   Section        0  tx_thread_timeout.o(.text._tx_thread_timeout)
    [Anonymous Symbol]                       0x08002c80   Section        0  tx_timer_expiration_process.o(.text._tx_timer_expiration_process)
    [Anonymous Symbol]                       0x08002ca8   Section        0  tx_timer_initialize.o(.text._tx_timer_initialize)
    [Anonymous Symbol]                       0x08002d50   Section        0  tx_timer_system_activate.o(.text._tx_timer_system_activate)
    [Anonymous Symbol]                       0x08002db0   Section        0  tx_timer_system_deactivate.o(.text._tx_timer_system_deactivate)
    [Anonymous Symbol]                       0x08002df0   Section        0  tx_timer_thread_entry.o(.text._tx_timer_thread_entry)
    [Anonymous Symbol]                       0x08002f38   Section        0  txe_byte_allocate.o(.text._txe_byte_allocate)
    [Anonymous Symbol]                       0x08002ff0   Section        0  txe_byte_pool_create.o(.text._txe_byte_pool_create)
    [Anonymous Symbol]                       0x08003168   Section        0  txe_mutex_create.o(.text._txe_mutex_create)
    [Anonymous Symbol]                       0x080032b0   Section        0  txe_queue_create.o(.text._txe_queue_create)
    [Anonymous Symbol]                       0x08003430   Section        0  txe_semaphore_create.o(.text._txe_semaphore_create)
    [Anonymous Symbol]                       0x08003558   Section        0  txe_thread_create.o(.text._txe_thread_create)
    [Anonymous Symbol]                       0x080036f8   Section        0  main.o(.text.main)
    [Anonymous Symbol]                       0x080037d8   Section        0  app_threadx.o(.text.tx_app_thread_entry)
    [Anonymous Symbol]                       0x080037e0   Section        0  app_azure_rtos.o(.text.tx_application_define)
    $v0                                      0x08003834   Number         0  fpinit.o(x$fpl$fpinit)
    x$fpl$fpinit                             0x08003834   Section       26  fpinit.o(x$fpl$fpinit)
    SYSTEM_CLOCK                             0x20c85580   Number         0  tx_initialize_low_level.o ABSOLUTE
    .L_MergedGlobals                         0x24000000   Data           8  stm32h7xx_hal.o(.data..L_MergedGlobals)
    [Anonymous Symbol]                       0x24000000   Section        0  stm32h7xx_hal.o(.data..L_MergedGlobals)
    .L_MergedGlobals                         0x24000008   Data           8  system_stm32h7xx.o(.data..L_MergedGlobals)
    [Anonymous Symbol]                       0x24000008   Section        0  system_stm32h7xx.o(.data..L_MergedGlobals)
    .bss                                     0x24000018   Section       96  libspace.o(.bss)
    .L_MergedGlobals                         0x24000078   Data          80  app_threadx.o(.bss..L_MergedGlobals)
    [Anonymous Symbol]                       0x24000078   Section        0  app_threadx.o(.bss..L_MergedGlobals)
    .L_MergedGlobals                         0x240000c8   Data          48  tx_initialize_high_level.o(.bss..L_MergedGlobals)
    [Anonymous Symbol]                       0x240000c8   Section        0  tx_initialize_high_level.o(.bss..L_MergedGlobals)
    .L_MergedGlobals                         0x240000f8   Data          36  tx_thread_initialize.o(.bss..L_MergedGlobals)
    [Anonymous Symbol]                       0x240000f8   Section        0  tx_thread_initialize.o(.bss..L_MergedGlobals)
    .L_MergedGlobals                         0x2400011c   Data          52  tx_timer_initialize.o(.bss..L_MergedGlobals)
    [Anonymous Symbol]                       0x2400011c   Section        0  tx_timer_initialize.o(.bss..L_MergedGlobals)
    tx_app_byte_pool                         0x24000754   Data          52  app_azure_rtos.o(.bss.tx_app_byte_pool)
    [Anonymous Symbol]                       0x24000754   Section        0  app_azure_rtos.o(.bss.tx_app_byte_pool)
    tx_byte_pool_buffer                      0x24000870   Data        1024  app_azure_rtos.o(.bss.tx_byte_pool_buffer)
    [Anonymous Symbol]                       0x24000870   Section        0  app_azure_rtos.o(.bss.tx_byte_pool_buffer)
    Heap_Mem                                 0x24000c78   Data         512  startup_stm32h723xx.o(HEAP)
    HEAP                                     0x24000c78   Section      512  startup_stm32h723xx.o(HEAP)
    Stack_Mem                                0x24000e78   Data        1024  startup_stm32h723xx.o(STACK)
    STACK                                    0x24000e78   Section     1024  startup_stm32h723xx.o(STACK)
    __initial_sp                             0x24001278   Data           0  startup_stm32h723xx.o(STACK)

    Global Symbols

    Symbol Name                              Value     Ov Type        Size  Object(Section)

    BuildAttributes$$THM_ISAv4$E$P$D$K$B$S$7EM$VFPv5_D16$PE$PLD8$A:L22UL41UL21$X:L11$S22US41US21$IEEE1$IW$~IW$USESV6$~STKCKD$USESV7$~SHL$OTIME$ROPI$EBA8$UX$STANDARDLIB$REQ8$EABIv2 0x00000000   Number         0  anon$$obj.o ABSOLUTE
    __ARM_exceptions_init                     - Undefined Weak Reference
    __alloca_initialize                       - Undefined Weak Reference
    __arm_preinit_                            - Undefined Weak Reference
    __arm_relocate_pie_                       - Undefined Weak Reference
    __cpp_initialize__aeabi_                  - Undefined Weak Reference
    __cxa_finalize                            - Undefined Weak Reference
    __rt_locale                               - Undefined Weak Reference
    __sigvec_lookup                           - Undefined Weak Reference
    _atexit_init                              - Undefined Weak Reference
    _call_atexit_fns                          - Undefined Weak Reference
    _clock_init                               - Undefined Weak Reference
    _fp_trap_init                             - Undefined Weak Reference
    _fp_trap_shutdown                         - Undefined Weak Reference
    _get_lc_collate                           - Undefined Weak Reference
    _get_lc_ctype                             - Undefined Weak Reference
    _get_lc_monetary                          - Undefined Weak Reference
    _get_lc_numeric                           - Undefined Weak Reference
    _get_lc_time                              - Undefined Weak Reference
    _getenv_init                              - Undefined Weak Reference
    _handle_redirection                       - Undefined Weak Reference
    _init_alloc                               - Undefined Weak Reference
    _init_user_alloc                          - Undefined Weak Reference
    _initio                                   - Undefined Weak Reference
    _rand_init                                - Undefined Weak Reference
    _signal_finish                            - Undefined Weak Reference
    _signal_init                              - Undefined Weak Reference
    _terminate_alloc                          - Undefined Weak Reference
    _terminate_user_alloc                     - Undefined Weak Reference
    _terminateio                              - Undefined Weak Reference
    __Vectors_Size                           0x000002cc   Number         0  startup_stm32h723xx.o ABSOLUTE
    __Vectors                                0x08000000   Data           4  startup_stm32h723xx.o(RESET)
    __Vectors_End                            0x080002cc   Data           0  startup_stm32h723xx.o(RESET)
    __main                                   0x080002cd   Thumb Code     8  __main.o(!!!main)
    __scatterload                            0x080002d5   Thumb Code     0  __scatter.o(!!!scatter)
    __scatterload_rt2                        0x080002d5   Thumb Code    84  __scatter.o(!!!scatter)
    __scatterload_rt2_thumb_only             0x080002d5   Thumb Code     0  __scatter.o(!!!scatter)
    __scatterload_loop                       0x080002df   Thumb Code     0  __scatter.o(!!!scatter)
    __scatterload_copy                       0x08000331   Thumb Code    26  __scatter_copy.o(!!handler_copy)
    __scatterload_null                       0x0800034d   Thumb Code     2  __scatter.o(!!handler_null)
    __scatterload_zeroinit                   0x08000351   Thumb Code    28  __scatter_zi.o(!!handler_zi)
    __rt_lib_init                            0x0800036d   Thumb Code     0  libinit.o(.ARM.Collect$$libinit$$00000000)
    __rt_lib_init_fp_1                       0x0800036f   Thumb Code     0  libinit2.o(.ARM.Collect$$libinit$$00000001)
    __rt_lib_init_alloca_1                   0x08000373   Thumb Code     0  libinit2.o(.ARM.Collect$$libinit$$00000030)
    __rt_lib_init_argv_1                     0x08000373   Thumb Code     0  libinit2.o(.ARM.Collect$$libinit$$0000002E)
    __rt_lib_init_atexit_1                   0x08000373   Thumb Code     0  libinit2.o(.ARM.Collect$$libinit$$0000001D)
    __rt_lib_init_clock_1                    0x08000373   Thumb Code     0  libinit2.o(.ARM.Collect$$libinit$$00000023)
    __rt_lib_init_cpp_1                      0x08000373   Thumb Code     0  libinit2.o(.ARM.Collect$$libinit$$00000034)
    __rt_lib_init_exceptions_1               0x08000373   Thumb Code     0  libinit2.o(.ARM.Collect$$libinit$$00000032)
    __rt_lib_init_fp_trap_1                  0x08000373   Thumb Code     0  libinit2.o(.ARM.Collect$$libinit$$00000021)
    __rt_lib_init_getenv_1                   0x08000373   Thumb Code     0  libinit2.o(.ARM.Collect$$libinit$$00000025)
    __rt_lib_init_heap_1                     0x08000373   Thumb Code     0  libinit2.o(.ARM.Collect$$libinit$$0000000C)
    __rt_lib_init_lc_collate_1               0x08000373   Thumb Code     0  libinit2.o(.ARM.Collect$$libinit$$00000013)
    __rt_lib_init_lc_ctype_1                 0x08000373   Thumb Code     0  libinit2.o(.ARM.Collect$$libinit$$00000015)
    __rt_lib_init_lc_monetary_1              0x08000373   Thumb Code     0  libinit2.o(.ARM.Collect$$libinit$$00000017)
    __rt_lib_init_lc_numeric_1               0x08000373   Thumb Code     0  libinit2.o(.ARM.Collect$$libinit$$00000019)
    __rt_lib_init_lc_time_1                  0x08000373   Thumb Code     0  libinit2.o(.ARM.Collect$$libinit$$0000001B)
    __rt_lib_init_preinit_1                  0x08000373   Thumb Code     0  libinit2.o(.ARM.Collect$$libinit$$00000006)
    __rt_lib_init_rand_1                     0x08000373   Thumb Code     0  libinit2.o(.ARM.Collect$$libinit$$00000010)
    __rt_lib_init_relocate_pie_1             0x08000373   Thumb Code     0  libinit2.o(.ARM.Collect$$libinit$$00000004)
    __rt_lib_init_return                     0x08000373   Thumb Code     0  libinit2.o(.ARM.Collect$$libinit$$00000035)
    __rt_lib_init_signal_1                   0x08000373   Thumb Code     0  libinit2.o(.ARM.Collect$$libinit$$0000001F)
    __rt_lib_init_stdio_1                    0x08000373   Thumb Code     0  libinit2.o(.ARM.Collect$$libinit$$00000027)
    __rt_lib_init_user_alloc_1               0x08000373   Thumb Code     0  libinit2.o(.ARM.Collect$$libinit$$0000000E)
    __rt_lib_shutdown                        0x08000375   Thumb Code     0  libshutdown.o(.ARM.Collect$$libshutdown$$00000000)
    __rt_lib_shutdown_cpp_1                  0x08000377   Thumb Code     0  libshutdown2.o(.ARM.Collect$$libshutdown$$00000002)
    __rt_lib_shutdown_fp_trap_1              0x08000377   Thumb Code     0  libshutdown2.o(.ARM.Collect$$libshutdown$$00000007)
    __rt_lib_shutdown_heap_1                 0x08000377   Thumb Code     0  libshutdown2.o(.ARM.Collect$$libshutdown$$0000000F)
    __rt_lib_shutdown_return                 0x08000377   Thumb Code     0  libshutdown2.o(.ARM.Collect$$libshutdown$$00000010)
    __rt_lib_shutdown_signal_1               0x08000377   Thumb Code     0  libshutdown2.o(.ARM.Collect$$libshutdown$$0000000A)
    __rt_lib_shutdown_stdio_1                0x08000377   Thumb Code     0  libshutdown2.o(.ARM.Collect$$libshutdown$$00000004)
    __rt_lib_shutdown_user_alloc_1           0x08000377   Thumb Code     0  libshutdown2.o(.ARM.Collect$$libshutdown$$0000000C)
    __rt_entry                               0x08000379   Thumb Code     0  __rtentry.o(.ARM.Collect$$rtentry$$00000000)
    __rt_entry_presh_1                       0x08000379   Thumb Code     0  __rtentry2.o(.ARM.Collect$$rtentry$$00000002)
    __rt_entry_sh                            0x08000379   Thumb Code     0  __rtentry4.o(.ARM.Collect$$rtentry$$00000004)
    __rt_entry_li                            0x0800037f   Thumb Code     0  __rtentry2.o(.ARM.Collect$$rtentry$$0000000A)
    __rt_entry_postsh_1                      0x0800037f   Thumb Code     0  __rtentry2.o(.ARM.Collect$$rtentry$$00000009)
    __rt_entry_main                          0x08000383   Thumb Code     0  __rtentry2.o(.ARM.Collect$$rtentry$$0000000D)
    __rt_entry_postli_1                      0x08000383   Thumb Code     0  __rtentry2.o(.ARM.Collect$$rtentry$$0000000C)
    __rt_exit                                0x0800038b   Thumb Code     0  rtexit.o(.ARM.Collect$$rtexit$$00000000)
    __rt_exit_ls                             0x0800038d   Thumb Code     0  rtexit2.o(.ARM.Collect$$rtexit$$00000003)
    __rt_exit_prels_1                        0x0800038d   Thumb Code     0  rtexit2.o(.ARM.Collect$$rtexit$$00000002)
    __rt_exit_exit                           0x08000391   Thumb Code     0  rtexit2.o(.ARM.Collect$$rtexit$$00000004)
    Reset_Handler                            0x08000399   Thumb Code    12  startup_stm32h723xx.o(.text)
    SVC_Handler                              0x080003af   Thumb Code     2  startup_stm32h723xx.o(.text)
    ADC3_IRQHandler                          0x080003b7   Thumb Code     0  startup_stm32h723xx.o(.text)
    ADC_IRQHandler                           0x080003b7   Thumb Code     0  startup_stm32h723xx.o(.text)
    BDMA_Channel0_IRQHandler                 0x080003b7   Thumb Code     0  startup_stm32h723xx.o(.text)
    BDMA_Channel1_IRQHandler                 0x080003b7   Thumb Code     0  startup_stm32h723xx.o(.text)
    BDMA_Channel2_IRQHandler                 0x080003b7   Thumb Code     0  startup_stm32h723xx.o(.text)
    BDMA_Channel3_IRQHandler                 0x080003b7   Thumb Code     0  startup_stm32h723xx.o(.text)
    BDMA_Channel4_IRQHandler                 0x080003b7   Thumb Code     0  startup_stm32h723xx.o(.text)
    BDMA_Channel5_IRQHandler                 0x080003b7   Thumb Code     0  startup_stm32h723xx.o(.text)
    BDMA_Channel6_IRQHandler                 0x080003b7   Thumb Code     0  startup_stm32h723xx.o(.text)
    BDMA_Channel7_IRQHandler                 0x080003b7   Thumb Code     0  startup_stm32h723xx.o(.text)
    CEC_IRQHandler                           0x080003b7   Thumb Code     0  startup_stm32h723xx.o(.text)
    COMP1_IRQHandler                         0x080003b7   Thumb Code     0  startup_stm32h723xx.o(.text)
    CORDIC_IRQHandler                        0x080003b7   Thumb Code     0  startup_stm32h723xx.o(.text)
    CRS_IRQHandler                           0x080003b7   Thumb Code     0  startup_stm32h723xx.o(.text)
    DCMI_PSSI_IRQHandler                     0x080003b7   Thumb Code     0  startup_stm32h723xx.o(.text)
    DFSDM1_FLT0_IRQHandler                   0x080003b7   Thumb Code     0  startup_stm32h723xx.o(.text)
    DFSDM1_FLT1_IRQHandler                   0x080003b7   Thumb Code     0  startup_stm32h723xx.o(.text)
    DFSDM1_FLT2_IRQHandler                   0x080003b7   Thumb Code     0  startup_stm32h723xx.o(.text)
    DFSDM1_FLT3_IRQHandler                   0x080003b7   Thumb Code     0  startup_stm32h723xx.o(.text)
    DMA1_Stream0_IRQHandler                  0x080003b7   Thumb Code     0  startup_stm32h723xx.o(.text)
    DMA1_Stream1_IRQHandler                  0x080003b7   Thumb Code     0  startup_stm32h723xx.o(.text)
    DMA1_Stream2_IRQHandler                  0x080003b7   Thumb Code     0  startup_stm32h723xx.o(.text)
    DMA1_Stream3_IRQHandler                  0x080003b7   Thumb Code     0  startup_stm32h723xx.o(.text)
    DMA1_Stream4_IRQHandler                  0x080003b7   Thumb Code     0  startup_stm32h723xx.o(.text)
    DMA1_Stream5_IRQHandler                  0x080003b7   Thumb Code     0  startup_stm32h723xx.o(.text)
    DMA1_Stream6_IRQHandler                  0x080003b7   Thumb Code     0  startup_stm32h723xx.o(.text)
    DMA1_Stream7_IRQHandler                  0x080003b7   Thumb Code     0  startup_stm32h723xx.o(.text)
    DMA2D_IRQHandler                         0x080003b7   Thumb Code     0  startup_stm32h723xx.o(.text)
    DMA2_Stream0_IRQHandler                  0x080003b7   Thumb Code     0  startup_stm32h723xx.o(.text)
    DMA2_Stream1_IRQHandler                  0x080003b7   Thumb Code     0  startup_stm32h723xx.o(.text)
    DMA2_Stream2_IRQHandler                  0x080003b7   Thumb Code     0  startup_stm32h723xx.o(.text)
    DMA2_Stream3_IRQHandler                  0x080003b7   Thumb Code     0  startup_stm32h723xx.o(.text)
    DMA2_Stream4_IRQHandler                  0x080003b7   Thumb Code     0  startup_stm32h723xx.o(.text)
    DMA2_Stream5_IRQHandler                  0x080003b7   Thumb Code     0  startup_stm32h723xx.o(.text)
    DMA2_Stream6_IRQHandler                  0x080003b7   Thumb Code     0  startup_stm32h723xx.o(.text)
    DMA2_Stream7_IRQHandler                  0x080003b7   Thumb Code     0  startup_stm32h723xx.o(.text)
    DMAMUX1_OVR_IRQHandler                   0x080003b7   Thumb Code     0  startup_stm32h723xx.o(.text)
    DMAMUX2_OVR_IRQHandler                   0x080003b7   Thumb Code     0  startup_stm32h723xx.o(.text)
    DTS_IRQHandler                           0x080003b7   Thumb Code     0  startup_stm32h723xx.o(.text)
    ECC_IRQHandler                           0x080003b7   Thumb Code     0  startup_stm32h723xx.o(.text)
    ETH_IRQHandler                           0x080003b7   Thumb Code     0  startup_stm32h723xx.o(.text)
    ETH_WKUP_IRQHandler                      0x080003b7   Thumb Code     0  startup_stm32h723xx.o(.text)
    EXTI0_IRQHandler                         0x080003b7   Thumb Code     0  startup_stm32h723xx.o(.text)
    EXTI15_10_IRQHandler                     0x080003b7   Thumb Code     0  startup_stm32h723xx.o(.text)
    EXTI1_IRQHandler                         0x080003b7   Thumb Code     0  startup_stm32h723xx.o(.text)
    EXTI2_IRQHandler                         0x080003b7   Thumb Code     0  startup_stm32h723xx.o(.text)
    EXTI3_IRQHandler                         0x080003b7   Thumb Code     0  startup_stm32h723xx.o(.text)
    EXTI4_IRQHandler                         0x080003b7   Thumb Code     0  startup_stm32h723xx.o(.text)
    EXTI9_5_IRQHandler                       0x080003b7   Thumb Code     0  startup_stm32h723xx.o(.text)
    FDCAN1_IT0_IRQHandler                    0x080003b7   Thumb Code     0  startup_stm32h723xx.o(.text)
    FDCAN1_IT1_IRQHandler                    0x080003b7   Thumb Code     0  startup_stm32h723xx.o(.text)
    FDCAN2_IT0_IRQHandler                    0x080003b7   Thumb Code     0  startup_stm32h723xx.o(.text)
    FDCAN2_IT1_IRQHandler                    0x080003b7   Thumb Code     0  startup_stm32h723xx.o(.text)
    FDCAN3_IT0_IRQHandler                    0x080003b7   Thumb Code     0  startup_stm32h723xx.o(.text)
    FDCAN3_IT1_IRQHandler                    0x080003b7   Thumb Code     0  startup_stm32h723xx.o(.text)
    FDCAN_CAL_IRQHandler                     0x080003b7   Thumb Code     0  startup_stm32h723xx.o(.text)
    FLASH_IRQHandler                         0x080003b7   Thumb Code     0  startup_stm32h723xx.o(.text)
    FMAC_IRQHandler                          0x080003b7   Thumb Code     0  startup_stm32h723xx.o(.text)
    FMC_IRQHandler                           0x080003b7   Thumb Code     0  startup_stm32h723xx.o(.text)
    FPU_IRQHandler                           0x080003b7   Thumb Code     0  startup_stm32h723xx.o(.text)
    HSEM1_IRQHandler                         0x080003b7   Thumb Code     0  startup_stm32h723xx.o(.text)
    I2C1_ER_IRQHandler                       0x080003b7   Thumb Code     0  startup_stm32h723xx.o(.text)
    I2C1_EV_IRQHandler                       0x080003b7   Thumb Code     0  startup_stm32h723xx.o(.text)
    I2C2_ER_IRQHandler                       0x080003b7   Thumb Code     0  startup_stm32h723xx.o(.text)
    I2C2_EV_IRQHandler                       0x080003b7   Thumb Code     0  startup_stm32h723xx.o(.text)
    I2C3_ER_IRQHandler                       0x080003b7   Thumb Code     0  startup_stm32h723xx.o(.text)
    I2C3_EV_IRQHandler                       0x080003b7   Thumb Code     0  startup_stm32h723xx.o(.text)
    I2C4_ER_IRQHandler                       0x080003b7   Thumb Code     0  startup_stm32h723xx.o(.text)
    I2C4_EV_IRQHandler                       0x080003b7   Thumb Code     0  startup_stm32h723xx.o(.text)
    I2C5_ER_IRQHandler                       0x080003b7   Thumb Code     0  startup_stm32h723xx.o(.text)
    I2C5_EV_IRQHandler                       0x080003b7   Thumb Code     0  startup_stm32h723xx.o(.text)
    LPTIM1_IRQHandler                        0x080003b7   Thumb Code     0  startup_stm32h723xx.o(.text)
    LPTIM2_IRQHandler                        0x080003b7   Thumb Code     0  startup_stm32h723xx.o(.text)
    LPTIM3_IRQHandler                        0x080003b7   Thumb Code     0  startup_stm32h723xx.o(.text)
    LPTIM4_IRQHandler                        0x080003b7   Thumb Code     0  startup_stm32h723xx.o(.text)
    LPTIM5_IRQHandler                        0x080003b7   Thumb Code     0  startup_stm32h723xx.o(.text)
    LPUART1_IRQHandler                       0x080003b7   Thumb Code     0  startup_stm32h723xx.o(.text)
    LTDC_ER_IRQHandler                       0x080003b7   Thumb Code     0  startup_stm32h723xx.o(.text)
    LTDC_IRQHandler                          0x080003b7   Thumb Code     0  startup_stm32h723xx.o(.text)
    MDIOS_IRQHandler                         0x080003b7   Thumb Code     0  startup_stm32h723xx.o(.text)
    MDIOS_WKUP_IRQHandler                    0x080003b7   Thumb Code     0  startup_stm32h723xx.o(.text)
    MDMA_IRQHandler                          0x080003b7   Thumb Code     0  startup_stm32h723xx.o(.text)
    OCTOSPI1_IRQHandler                      0x080003b7   Thumb Code     0  startup_stm32h723xx.o(.text)
    OCTOSPI2_IRQHandler                      0x080003b7   Thumb Code     0  startup_stm32h723xx.o(.text)
    OTG_HS_EP1_IN_IRQHandler                 0x080003b7   Thumb Code     0  startup_stm32h723xx.o(.text)
    OTG_HS_EP1_OUT_IRQHandler                0x080003b7   Thumb Code     0  startup_stm32h723xx.o(.text)
    OTG_HS_IRQHandler                        0x080003b7   Thumb Code     0  startup_stm32h723xx.o(.text)
    OTG_HS_WKUP_IRQHandler                   0x080003b7   Thumb Code     0  startup_stm32h723xx.o(.text)
    PVD_AVD_IRQHandler                       0x080003b7   Thumb Code     0  startup_stm32h723xx.o(.text)
    RCC_IRQHandler                           0x080003b7   Thumb Code     0  startup_stm32h723xx.o(.text)
    RNG_IRQHandler                           0x080003b7   Thumb Code     0  startup_stm32h723xx.o(.text)
    RTC_Alarm_IRQHandler                     0x080003b7   Thumb Code     0  startup_stm32h723xx.o(.text)
    RTC_WKUP_IRQHandler                      0x080003b7   Thumb Code     0  startup_stm32h723xx.o(.text)
    SAI1_IRQHandler                          0x080003b7   Thumb Code     0  startup_stm32h723xx.o(.text)
    SAI4_IRQHandler                          0x080003b7   Thumb Code     0  startup_stm32h723xx.o(.text)
    SDMMC1_IRQHandler                        0x080003b7   Thumb Code     0  startup_stm32h723xx.o(.text)
    SDMMC2_IRQHandler                        0x080003b7   Thumb Code     0  startup_stm32h723xx.o(.text)
    SPDIF_RX_IRQHandler                      0x080003b7   Thumb Code     0  startup_stm32h723xx.o(.text)
    SPI1_IRQHandler                          0x080003b7   Thumb Code     0  startup_stm32h723xx.o(.text)
    SPI2_IRQHandler                          0x080003b7   Thumb Code     0  startup_stm32h723xx.o(.text)
    SPI3_IRQHandler                          0x080003b7   Thumb Code     0  startup_stm32h723xx.o(.text)
    SPI4_IRQHandler                          0x080003b7   Thumb Code     0  startup_stm32h723xx.o(.text)
    SPI5_IRQHandler                          0x080003b7   Thumb Code     0  startup_stm32h723xx.o(.text)
    SPI6_IRQHandler                          0x080003b7   Thumb Code     0  startup_stm32h723xx.o(.text)
    SWPMI1_IRQHandler                        0x080003b7   Thumb Code     0  startup_stm32h723xx.o(.text)
    TAMP_STAMP_IRQHandler                    0x080003b7   Thumb Code     0  startup_stm32h723xx.o(.text)
    TIM15_IRQHandler                         0x080003b7   Thumb Code     0  startup_stm32h723xx.o(.text)
    TIM16_IRQHandler                         0x080003b7   Thumb Code     0  startup_stm32h723xx.o(.text)
    TIM17_IRQHandler                         0x080003b7   Thumb Code     0  startup_stm32h723xx.o(.text)
    TIM1_BRK_IRQHandler                      0x080003b7   Thumb Code     0  startup_stm32h723xx.o(.text)
    TIM1_CC_IRQHandler                       0x080003b7   Thumb Code     0  startup_stm32h723xx.o(.text)
    TIM1_TRG_COM_IRQHandler                  0x080003b7   Thumb Code     0  startup_stm32h723xx.o(.text)
    TIM1_UP_IRQHandler                       0x080003b7   Thumb Code     0  startup_stm32h723xx.o(.text)
    TIM24_IRQHandler                         0x080003b7   Thumb Code     0  startup_stm32h723xx.o(.text)
    TIM2_IRQHandler                          0x080003b7   Thumb Code     0  startup_stm32h723xx.o(.text)
    TIM3_IRQHandler                          0x080003b7   Thumb Code     0  startup_stm32h723xx.o(.text)
    TIM4_IRQHandler                          0x080003b7   Thumb Code     0  startup_stm32h723xx.o(.text)
    TIM5_IRQHandler                          0x080003b7   Thumb Code     0  startup_stm32h723xx.o(.text)
    TIM6_DAC_IRQHandler                      0x080003b7   Thumb Code     0  startup_stm32h723xx.o(.text)
    TIM7_IRQHandler                          0x080003b7   Thumb Code     0  startup_stm32h723xx.o(.text)
    TIM8_BRK_TIM12_IRQHandler                0x080003b7   Thumb Code     0  startup_stm32h723xx.o(.text)
    TIM8_CC_IRQHandler                       0x080003b7   Thumb Code     0  startup_stm32h723xx.o(.text)
    TIM8_TRG_COM_TIM14_IRQHandler            0x080003b7   Thumb Code     0  startup_stm32h723xx.o(.text)
    TIM8_UP_TIM13_IRQHandler                 0x080003b7   Thumb Code     0  startup_stm32h723xx.o(.text)
    UART4_IRQHandler                         0x080003b7   Thumb Code     0  startup_stm32h723xx.o(.text)
    UART5_IRQHandler                         0x080003b7   Thumb Code     0  startup_stm32h723xx.o(.text)
    UART7_IRQHandler                         0x080003b7   Thumb Code     0  startup_stm32h723xx.o(.text)
    UART8_IRQHandler                         0x080003b7   Thumb Code     0  startup_stm32h723xx.o(.text)
    UART9_IRQHandler                         0x080003b7   Thumb Code     0  startup_stm32h723xx.o(.text)
    USART10_IRQHandler                       0x080003b7   Thumb Code     0  startup_stm32h723xx.o(.text)
    USART1_IRQHandler                        0x080003b7   Thumb Code     0  startup_stm32h723xx.o(.text)
    USART2_IRQHandler                        0x080003b7   Thumb Code     0  startup_stm32h723xx.o(.text)
    USART3_IRQHandler                        0x080003b7   Thumb Code     0  startup_stm32h723xx.o(.text)
    USART6_IRQHandler                        0x080003b7   Thumb Code     0  startup_stm32h723xx.o(.text)
    WAKEUP_PIN_IRQHandler                    0x080003b7   Thumb Code     0  startup_stm32h723xx.o(.text)
    WWDG_IRQHandler                          0x080003b7   Thumb Code     0  startup_stm32h723xx.o(.text)
    __user_initial_stackheap                 0x080003b9   Thumb Code     0  startup_stm32h723xx.o(.text)
    _tx_initialize_low_level                 0x08000401   Thumb Code     0  tx_initialize_low_level.o(.text)
    __tx_BadHandler                          0x08000451   Thumb Code     0  tx_initialize_low_level.o(.text)
    __tx_HardfaultHandler                    0x08000455   Thumb Code     0  tx_initialize_low_level.o(.text)
    __tx_SVCallHandler                       0x08000459   Thumb Code     0  tx_initialize_low_level.o(.text)
    __tx_IntHandler                          0x0800045d   Thumb Code     0  tx_initialize_low_level.o(.text)
    SysTick_Handler                          0x08000465   Thumb Code     0  tx_initialize_low_level.o(.text)
    __tx_SysTickHandler                      0x08000465   Thumb Code     0  tx_initialize_low_level.o(.text)
    __tx_NMIHandler                          0x08000471   Thumb Code     0  tx_initialize_low_level.o(.text)
    __tx_DBGHandler                          0x08000475   Thumb Code     0  tx_initialize_low_level.o(.text)
    _tx_thread_schedule                      0x08000481   Thumb Code     0  tx_thread_schedule.o(.text)
    PendSV_Handler                           0x080004ad   Thumb Code     0  tx_thread_schedule.o(.text)
    __tx_PendSVHandler                       0x080004ad   Thumb Code     0  tx_thread_schedule.o(.text)
    tx_thread_fpu_disable                    0x0800052f   Thumb Code     0  tx_thread_schedule.o(.text)
    tx_thread_fpu_enable                     0x0800052f   Thumb Code     0  tx_thread_schedule.o(.text)
    _tx_thread_stack_build                   0x08000541   Thumb Code     0  tx_thread_stack_build.o(.text)
    _tx_timer_interrupt                      0x08000581   Thumb Code     0  tx_timer_interrupt.o(.text)
    __aeabi_memset                           0x08000639   Thumb Code    16  aeabi_memset.o(.text)
    __aeabi_memclr4                          0x08000649   Thumb Code     0  rt_memclr_w.o(.text)
    __aeabi_memclr8                          0x08000649   Thumb Code     0  rt_memclr_w.o(.text)
    __rt_memclr_w                            0x08000649   Thumb Code     0  rt_memclr_w.o(.text)
    _memset_w                                0x0800064d   Thumb Code    74  rt_memclr_w.o(.text)
    __use_two_region_memory                  0x08000697   Thumb Code     2  heapauxi.o(.text)
    __rt_heap_escrow$2region                 0x08000699   Thumb Code     2  heapauxi.o(.text)
    __rt_heap_expand$2region                 0x0800069b   Thumb Code     2  heapauxi.o(.text)
    __aeabi_memclr                           0x0800069d   Thumb Code     0  rt_memclr.o(.text)
    __rt_memclr                              0x0800069d   Thumb Code     0  rt_memclr.o(.text)
    _memset                                  0x080006a1   Thumb Code    64  rt_memclr.o(.text)
    __user_setup_stackheap                   0x080006e1   Thumb Code    74  sys_stackheap_outer.o(.text)
    exit                                     0x0800072b   Thumb Code    18  exit.o(.text)
    __user_libspace                          0x0800073d   Thumb Code     8  libspace.o(.text)
    __user_perproc_libspace                  0x0800073d   Thumb Code     0  libspace.o(.text)
    __user_perthread_libspace                0x0800073d   Thumb Code     0  libspace.o(.text)
    _sys_exit                                0x08000745   Thumb Code     8  sys_exit.o(.text)
    __I$use$semihosting                      0x08000751   Thumb Code     0  use_no_semi.o(.text)
    __use_no_semihosting_swi                 0x08000751   Thumb Code     2  use_no_semi.o(.text)
    __semihosting_library_function           0x08000753   Thumb Code     0  indicate_semi.o(.text)
    App_ThreadX_Init                         0x08000759   Thumb Code   192  app_threadx.o(.text.App_ThreadX_Init)
    BusFault_Handler                         0x08000861   Thumb Code     2  stm32h7xx_it.o(.text.BusFault_Handler)
    DebugMon_Handler                         0x08000869   Thumb Code     2  stm32h7xx_it.o(.text.DebugMon_Handler)
    ExitRun0Mode                             0x08000871   Thumb Code    44  system_stm32h7xx.o(.text.ExitRun0Mode)
    HAL_GPIO_Init                            0x080008a1   Thumb Code   422  stm32h7xx_hal_gpio.o(.text.HAL_GPIO_Init)
    HAL_GPIO_TogglePin                       0x08000a49   Thumb Code    16  stm32h7xx_hal_gpio.o(.text.HAL_GPIO_TogglePin)
    HAL_GPIO_WritePin                        0x08000a59   Thumb Code    10  stm32h7xx_hal_gpio.o(.text.HAL_GPIO_WritePin)
    HAL_GetTick                              0x08000a69   Thumb Code    12  stm32h7xx_hal.o(.text.HAL_GetTick)
    HAL_IncTick                              0x08000a79   Thumb Code    26  stm32h7xx_hal.o(.text.HAL_IncTick)
    HAL_Init                                 0x08000a99   Thumb Code   100  stm32h7xx_hal.o(.text.HAL_Init)
    HAL_InitTick                             0x08000b01   Thumb Code   160  stm32h7xx_hal_timebase_tim.o(.text.HAL_InitTick)
    HAL_MPU_ConfigRegion                     0x08000ba1   Thumb Code    94  stm32h7xx_hal_cortex.o(.text.HAL_MPU_ConfigRegion)
    HAL_MPU_Disable                          0x08000c01   Thumb Code    26  stm32h7xx_hal_cortex.o(.text.HAL_MPU_Disable)
    HAL_MPU_Enable                           0x08000c21   Thumb Code    32  stm32h7xx_hal_cortex.o(.text.HAL_MPU_Enable)
    HAL_MspInit                              0x08000c41   Thumb Code    32  stm32h7xx_hal_msp.o(.text.HAL_MspInit)
    HAL_NVIC_EnableIRQ                       0x08000c61   Thumb Code    34  stm32h7xx_hal_cortex.o(.text.HAL_NVIC_EnableIRQ)
    HAL_NVIC_SetPriority                     0x08000c89   Thumb Code    90  stm32h7xx_hal_cortex.o(.text.HAL_NVIC_SetPriority)
    HAL_NVIC_SetPriorityGrouping             0x08000ce9   Thumb Code    32  stm32h7xx_hal_cortex.o(.text.HAL_NVIC_SetPriorityGrouping)
    HAL_PWREx_ConfigSupply                   0x08000d09   Thumb Code    76  stm32h7xx_hal_pwr_ex.o(.text.HAL_PWREx_ConfigSupply)
    HAL_RCC_ClockConfig                      0x08000d59   Thumb Code   596  stm32h7xx_hal_rcc.o(.text.HAL_RCC_ClockConfig)
    HAL_RCC_GetClockConfig                   0x08000fb1   Thumb Code    88  stm32h7xx_hal_rcc.o(.text.HAL_RCC_GetClockConfig)
    HAL_RCC_GetPCLK2Freq                     0x08001009   Thumb Code    96  stm32h7xx_hal_rcc.o(.text.HAL_RCC_GetPCLK2Freq)
    HAL_RCC_GetSysClockFreq                  0x08001069   Thumb Code   264  stm32h7xx_hal_rcc.o(.text.HAL_RCC_GetSysClockFreq)
    HAL_RCC_OscConfig                        0x08001189   Thumb Code  1324  stm32h7xx_hal_rcc.o(.text.HAL_RCC_OscConfig)
    HAL_TIMEx_Break2Callback                 0x080016b9   Thumb Code     2  stm32h7xx_hal_tim_ex.o(.text.HAL_TIMEx_Break2Callback)
    HAL_TIMEx_BreakCallback                  0x080016c1   Thumb Code     2  stm32h7xx_hal_tim_ex.o(.text.HAL_TIMEx_BreakCallback)
    HAL_TIMEx_CommutCallback                 0x080016c9   Thumb Code     2  stm32h7xx_hal_tim_ex.o(.text.HAL_TIMEx_CommutCallback)
    HAL_TIM_Base_Init                        0x080016d1   Thumb Code    96  stm32h7xx_hal_tim.o(.text.HAL_TIM_Base_Init)
    HAL_TIM_Base_MspInit                     0x08001731   Thumb Code     2  stm32h7xx_hal_tim.o(.text.HAL_TIM_Base_MspInit)
    HAL_TIM_Base_Start_IT                    0x08001739   Thumb Code   220  stm32h7xx_hal_tim.o(.text.HAL_TIM_Base_Start_IT)
    HAL_TIM_IC_CaptureCallback               0x08001819   Thumb Code     2  stm32h7xx_hal_tim.o(.text.HAL_TIM_IC_CaptureCallback)
    HAL_TIM_IRQHandler                       0x08001821   Thumb Code   364  stm32h7xx_hal_tim.o(.text.HAL_TIM_IRQHandler)
    HAL_TIM_OC_DelayElapsedCallback          0x08001991   Thumb Code     2  stm32h7xx_hal_tim.o(.text.HAL_TIM_OC_DelayElapsedCallback)
    HAL_TIM_PWM_PulseFinishedCallback        0x08001999   Thumb Code     2  stm32h7xx_hal_tim.o(.text.HAL_TIM_PWM_PulseFinishedCallback)
    HAL_TIM_PeriodElapsedCallback            0x080019a1   Thumb Code    20  main.o(.text.HAL_TIM_PeriodElapsedCallback)
    HAL_TIM_TriggerCallback                  0x080019b9   Thumb Code     2  stm32h7xx_hal_tim.o(.text.HAL_TIM_TriggerCallback)
    HardFault_Handler                        0x080019c1   Thumb Code     2  stm32h7xx_it.o(.text.HardFault_Handler)
    MX_ThreadX_Init                          0x080019c9   Thumb Code     4  app_threadx.o(.text.MX_ThreadX_Init)
    MemManage_Handler                        0x080019d1   Thumb Code     2  stm32h7xx_it.o(.text.MemManage_Handler)
    NMI_Handler                              0x080019d9   Thumb Code     2  stm32h7xx_it.o(.text.NMI_Handler)
    SystemClock_Config                       0x080019e1   Thumb Code   200  main.o(.text.SystemClock_Config)
    SystemInit                               0x08001aa9   Thumb Code   210  system_stm32h7xx.o(.text.SystemInit)
    TIM23_IRQHandler                         0x08001b81   Thumb Code    46  stm32h7xx_it.o(.text.TIM23_IRQHandler)
    TIM_Base_SetConfig                       0x08001bb1   Thumb Code   376  stm32h7xx_hal_tim.o(.text.TIM_Base_SetConfig)
    UsageFault_Handler                       0x08001d29   Thumb Code     2  stm32h7xx_it.o(.text.UsageFault_Handler)
    _tx_byte_allocate                        0x08001d31   Thumb Code   218  tx_byte_allocate.o(.text._tx_byte_allocate)
    _tx_byte_pool_cleanup                    0x08001e11   Thumb Code   146  tx_byte_pool_cleanup.o(.text._tx_byte_pool_cleanup)
    _tx_byte_pool_create                     0x08001ea9   Thumb Code   136  tx_byte_pool_create.o(.text._tx_byte_pool_create)
    _tx_byte_pool_search                     0x08001f31   Thumb Code   250  tx_byte_pool_search.o(.text._tx_byte_pool_search)
    _tx_initialize_high_level                0x08002031   Thumb Code    46  tx_initialize_high_level.o(.text._tx_initialize_high_level)
    _tx_initialize_kernel_enter              0x08002061   Thumb Code    78  tx_initialize_kernel_enter.o(.text._tx_initialize_kernel_enter)
    _tx_mutex_create                         0x080020b1   Thumb Code   106  tx_mutex_create.o(.text._tx_mutex_create)
    _tx_mutex_prioritize                     0x08002121   Thumb Code   190  tx_mutex_prioritize.o(.text._tx_mutex_prioritize)
    _tx_mutex_priority_change                0x080021e1   Thumb Code   190  tx_mutex_priority_change.o(.text._tx_mutex_priority_change)
    _tx_mutex_put                            0x080022a1   Thumb Code   636  tx_mutex_put.o(.text._tx_mutex_put)
    _tx_mutex_thread_release                 0x08002521   Thumb Code    70  tx_mutex_cleanup.o(.text._tx_mutex_thread_release)
    _tx_queue_create                         0x08002569   Thumb Code   124  tx_queue_create.o(.text._tx_queue_create)
    _tx_semaphore_create                     0x080025e9   Thumb Code    92  tx_semaphore_create.o(.text._tx_semaphore_create)
    _tx_thread_create                        0x08002649   Thumb Code   334  tx_thread_create.o(.text._tx_thread_create)
    _tx_thread_initialize                    0x08002799   Thumb Code    54  tx_thread_initialize.o(.text._tx_thread_initialize)
    _tx_thread_shell_entry                   0x080027d1   Thumb Code    90  tx_thread_shell_entry.o(.text._tx_thread_shell_entry)
    _tx_thread_sleep                         0x08002831   Thumb Code   146  tx_thread_sleep.o(.text._tx_thread_sleep)
    _tx_thread_system_preempt_check          0x080028c9   Thumb Code    76  tx_thread_system_preempt_check.o(.text._tx_thread_system_preempt_check)
    _tx_thread_system_resume                 0x08002919   Thumb Code   304  tx_thread_system_resume.o(.text._tx_thread_system_resume)
    _tx_thread_system_suspend                0x08002a49   Thumb Code   398  tx_thread_system_suspend.o(.text._tx_thread_system_suspend)
    _tx_thread_time_slice                    0x08002bd9   Thumb Code   112  tx_thread_time_slice.o(.text._tx_thread_time_slice)
    _tx_thread_timeout                       0x08002c49   Thumb Code    54  tx_thread_timeout.o(.text._tx_thread_timeout)
    _tx_timer_expiration_process             0x08002c81   Thumb Code    36  tx_timer_expiration_process.o(.text._tx_timer_expiration_process)
    _tx_timer_initialize                     0x08002ca9   Thumb Code   144  tx_timer_initialize.o(.text._tx_timer_initialize)
    _tx_timer_system_activate                0x08002d51   Thumb Code    90  tx_timer_system_activate.o(.text._tx_timer_system_activate)
    _tx_timer_system_deactivate              0x08002db1   Thumb Code    58  tx_timer_system_deactivate.o(.text._tx_timer_system_deactivate)
    _tx_timer_thread_entry                   0x08002df1   Thumb Code   322  tx_timer_thread_entry.o(.text._tx_timer_thread_entry)
    _txe_byte_allocate                       0x08002f39   Thumb Code   184  txe_byte_allocate.o(.text._txe_byte_allocate)
    _txe_byte_pool_create                    0x08002ff1   Thumb Code   374  txe_byte_pool_create.o(.text._txe_byte_pool_create)
    _txe_mutex_create                        0x08003169   Thumb Code   328  txe_mutex_create.o(.text._txe_mutex_create)
    _txe_queue_create                        0x080032b1   Thumb Code   382  txe_queue_create.o(.text._txe_queue_create)
    _txe_semaphore_create                    0x08003431   Thumb Code   290  txe_semaphore_create.o(.text._txe_semaphore_create)
    _txe_thread_create                       0x08003559   Thumb Code   416  txe_thread_create.o(.text._txe_thread_create)
    main                                     0x080036f9   Thumb Code   222  main.o(.text.main)
    tx_app_thread_entry                      0x080037d9   Thumb Code     8  app_threadx.o(.text.tx_app_thread_entry)
    tx_application_define                    0x080037e1   Thumb Code    64  app_azure_rtos.o(.text.tx_application_define)
    _fp_init                                 0x08003835   Thumb Code    26  fpinit.o(x$fpl$fpinit)
    __fplib_config_fpu_vfp                   0x0800384d   Thumb Code     0  fpinit.o(x$fpl$fpinit)
    __fplib_config_pureend_doubles           0x0800384d   Thumb Code     0  fpinit.o(x$fpl$fpinit)
    D1CorePrescTable                         0x0800384e   Data          16  system_stm32h7xx.o(.rodata.D1CorePrescTable)
    Region$$Table$$Base                      0x08003860   Number         0  anon$$obj.o(Region$$Table)
    Region$$Table$$Limit                     0x08003880   Number         0  anon$$obj.o(Region$$Table)
    uwTickFreq                               0x24000000   Data           1  stm32h7xx_hal.o(.data..L_MergedGlobals)
    uwTickPrio                               0x24000004   Data           4  stm32h7xx_hal.o(.data..L_MergedGlobals)
    SystemCoreClock                          0x24000008   Data           4  system_stm32h7xx.o(.data..L_MergedGlobals)
    SystemD2Clock                            0x2400000c   Data           4  system_stm32h7xx.o(.data..L_MergedGlobals)
    _tx_thread_system_state                  0x24000010   Data           4  tx_thread_initialize.o(.data._tx_thread_system_state)
    __libspace_start                         0x24000018   Data          96  libspace.o(.bss)
    __temporary_stack_top$libspace           0x24000078   Data           0  libspace.o(.bss)
    tx_app_semaphore                         0x24000078   Data          28  app_threadx.o(.bss..L_MergedGlobals)
    tx_app_mutex                             0x24000094   Data          52  app_threadx.o(.bss..L_MergedGlobals)
    _tx_semaphore_created_ptr                0x240000c8   Data           4  tx_initialize_high_level.o(.bss..L_MergedGlobals)
    _tx_semaphore_created_count              0x240000cc   Data           4  tx_initialize_high_level.o(.bss..L_MergedGlobals)
    _tx_queue_created_ptr                    0x240000d0   Data           4  tx_initialize_high_level.o(.bss..L_MergedGlobals)
    _tx_queue_created_count                  0x240000d4   Data           4  tx_initialize_high_level.o(.bss..L_MergedGlobals)
    _tx_event_flags_created_ptr              0x240000d8   Data           4  tx_initialize_high_level.o(.bss..L_MergedGlobals)
    _tx_event_flags_created_count            0x240000dc   Data           4  tx_initialize_high_level.o(.bss..L_MergedGlobals)
    _tx_block_pool_created_ptr               0x240000e0   Data           4  tx_initialize_high_level.o(.bss..L_MergedGlobals)
    _tx_block_pool_created_count             0x240000e4   Data           4  tx_initialize_high_level.o(.bss..L_MergedGlobals)
    _tx_byte_pool_created_ptr                0x240000e8   Data           4  tx_initialize_high_level.o(.bss..L_MergedGlobals)
    _tx_byte_pool_created_count              0x240000ec   Data           4  tx_initialize_high_level.o(.bss..L_MergedGlobals)
    _tx_mutex_created_ptr                    0x240000f0   Data           4  tx_initialize_high_level.o(.bss..L_MergedGlobals)
    _tx_mutex_created_count                  0x240000f4   Data           4  tx_initialize_high_level.o(.bss..L_MergedGlobals)
    _tx_thread_current_ptr                   0x240000f8   Data           4  tx_thread_initialize.o(.bss..L_MergedGlobals)
    _tx_thread_execute_ptr                   0x240000fc   Data           4  tx_thread_initialize.o(.bss..L_MergedGlobals)
    _tx_thread_priority_maps                 0x24000100   Data           4  tx_thread_initialize.o(.bss..L_MergedGlobals)
    _tx_thread_highest_priority              0x24000104   Data           4  tx_thread_initialize.o(.bss..L_MergedGlobals)
    _tx_thread_created_ptr                   0x24000108   Data           4  tx_thread_initialize.o(.bss..L_MergedGlobals)
    _tx_thread_created_count                 0x2400010c   Data           4  tx_thread_initialize.o(.bss..L_MergedGlobals)
    _tx_thread_preempt_disable               0x24000110   Data           4  tx_thread_initialize.o(.bss..L_MergedGlobals)
    _tx_thread_mutex_release                 0x24000114   Data           4  tx_thread_initialize.o(.bss..L_MergedGlobals)
    _tx_build_options                        0x24000118   Data           4  tx_thread_initialize.o(.bss..L_MergedGlobals)
    _tx_timer_system_clock                   0x2400011c   Data           4  tx_timer_initialize.o(.bss..L_MergedGlobals)
    _tx_timer_time_slice                     0x24000120   Data           4  tx_timer_initialize.o(.bss..L_MergedGlobals)
    _tx_timer_expired_time_slice             0x24000124   Data           4  tx_timer_initialize.o(.bss..L_MergedGlobals)
    _tx_timer_expired                        0x24000128   Data           4  tx_timer_initialize.o(.bss..L_MergedGlobals)
    _tx_timer_expired_timer_ptr              0x2400012c   Data           4  tx_timer_initialize.o(.bss..L_MergedGlobals)
    _tx_timer_list_start                     0x24000130   Data           4  tx_timer_initialize.o(.bss..L_MergedGlobals)
    _tx_timer_current_ptr                    0x24000134   Data           4  tx_timer_initialize.o(.bss..L_MergedGlobals)
    _tx_timer_list_end                       0x24000138   Data           4  tx_timer_initialize.o(.bss..L_MergedGlobals)
    _tx_timer_stack_start                    0x2400013c   Data           4  tx_timer_initialize.o(.bss..L_MergedGlobals)
    _tx_timer_stack_size                     0x24000140   Data           4  tx_timer_initialize.o(.bss..L_MergedGlobals)
    _tx_timer_priority                       0x24000144   Data           4  tx_timer_initialize.o(.bss..L_MergedGlobals)
    _tx_timer_created_ptr                    0x24000148   Data           4  tx_timer_initialize.o(.bss..L_MergedGlobals)
    _tx_timer_created_count                  0x2400014c   Data           4  tx_timer_initialize.o(.bss..L_MergedGlobals)
    _tx_initialize_unused_memory             0x24000150   Data           4  tx_initialize_high_level.o(.bss._tx_initialize_unused_memory)
    _tx_thread_priority_list                 0x24000154   Data         128  tx_thread_initialize.o(.bss._tx_thread_priority_list)
    _tx_thread_system_stack_ptr              0x240001d4   Data           4  tx_thread_initialize.o(.bss._tx_thread_system_stack_ptr)
    _tx_timer_list                           0x240001d8   Data         128  tx_timer_initialize.o(.bss._tx_timer_list)
    _tx_timer_thread                         0x24000258   Data         176  tx_timer_initialize.o(.bss._tx_timer_thread)
    _tx_timer_thread_stack_area              0x24000308   Data        1024  tx_timer_initialize.o(.bss._tx_timer_thread_stack_area)
    htim23                                   0x24000708   Data          76  stm32h7xx_hal_timebase_tim.o(.bss.htim23)
    tx_app_msg_queue                         0x24000788   Data          56  app_threadx.o(.bss.tx_app_msg_queue)
    tx_app_thread                            0x240007c0   Data         176  app_threadx.o(.bss.tx_app_thread)
    uwTick                                   0x24000c70   Data           4  stm32h7xx_hal.o(.bss.uwTick)



==============================================================================

Memory Map of the image

  Image Entry point : 0x080002cd

  Load Region LR_IROM1 (Base: 0x08000000, Size: 0x00003898, Max: 0x00100000, ABSOLUTE)

    Execution Region ER_IROM1 (Exec base: 0x08000000, Load base: 0x08000000, Size: 0x00003880, Max: 0x00100000, ABSOLUTE)

    Exec Addr    Load Addr    Size         Type   Attr      Idx    E Section Name        Object

    0x08000000   0x08000000   0x000002cc   Data   RO            3    RESET               startup_stm32h723xx.o
    0x080002cc   0x080002cc   0x00000008   Code   RO         2722  * !!!main             c_w.l(__main.o)
    0x080002d4   0x080002d4   0x0000005c   Code   RO         2889    !!!scatter          c_w.l(__scatter.o)
    0x08000330   0x08000330   0x0000001a   Code   RO         2893    !!handler_copy      c_w.l(__scatter_copy.o)
    0x0800034a   0x0800034a   0x00000002   PAD
    0x0800034c   0x0800034c   0x00000002   Code   RO         2890    !!handler_null      c_w.l(__scatter.o)
    0x0800034e   0x0800034e   0x00000002   PAD
    0x08000350   0x08000350   0x0000001c   Code   RO         2895    !!handler_zi        c_w.l(__scatter_zi.o)
    0x0800036c   0x0800036c   0x00000002   Code   RO         2751    .ARM.Collect$$libinit$$00000000  c_w.l(libinit.o)
    0x0800036e   0x0800036e   0x00000004   Code   RO         2757    .ARM.Collect$$libinit$$00000001  c_w.l(libinit2.o)
    0x08000372   0x08000372   0x00000000   Code   RO         2760    .ARM.Collect$$libinit$$00000004  c_w.l(libinit2.o)
    0x08000372   0x08000372   0x00000000   Code   RO         2762    .ARM.Collect$$libinit$$00000006  c_w.l(libinit2.o)
    0x08000372   0x08000372   0x00000000   Code   RO         2765    .ARM.Collect$$libinit$$0000000C  c_w.l(libinit2.o)
    0x08000372   0x08000372   0x00000000   Code   RO         2767    .ARM.Collect$$libinit$$0000000E  c_w.l(libinit2.o)
    0x08000372   0x08000372   0x00000000   Code   RO         2769    .ARM.Collect$$libinit$$00000010  c_w.l(libinit2.o)
    0x08000372   0x08000372   0x00000000   Code   RO         2772    .ARM.Collect$$libinit$$00000013  c_w.l(libinit2.o)
    0x08000372   0x08000372   0x00000000   Code   RO         2774    .ARM.Collect$$libinit$$00000015  c_w.l(libinit2.o)
    0x08000372   0x08000372   0x00000000   Code   RO         2776    .ARM.Collect$$libinit$$00000017  c_w.l(libinit2.o)
    0x08000372   0x08000372   0x00000000   Code   RO         2778    .ARM.Collect$$libinit$$00000019  c_w.l(libinit2.o)
    0x08000372   0x08000372   0x00000000   Code   RO         2780    .ARM.Collect$$libinit$$0000001B  c_w.l(libinit2.o)
    0x08000372   0x08000372   0x00000000   Code   RO         2782    .ARM.Collect$$libinit$$0000001D  c_w.l(libinit2.o)
    0x08000372   0x08000372   0x00000000   Code   RO         2784    .ARM.Collect$$libinit$$0000001F  c_w.l(libinit2.o)
    0x08000372   0x08000372   0x00000000   Code   RO         2786    .ARM.Collect$$libinit$$00000021  c_w.l(libinit2.o)
    0x08000372   0x08000372   0x00000000   Code   RO         2788    .ARM.Collect$$libinit$$00000023  c_w.l(libinit2.o)
    0x08000372   0x08000372   0x00000000   Code   RO         2790    .ARM.Collect$$libinit$$00000025  c_w.l(libinit2.o)
    0x08000372   0x08000372   0x00000000   Code   RO         2792    .ARM.Collect$$libinit$$00000027  c_w.l(libinit2.o)
    0x08000372   0x08000372   0x00000000   Code   RO         2796    .ARM.Collect$$libinit$$0000002E  c_w.l(libinit2.o)
    0x08000372   0x08000372   0x00000000   Code   RO         2798    .ARM.Collect$$libinit$$00000030  c_w.l(libinit2.o)
    0x08000372   0x08000372   0x00000000   Code   RO         2800    .ARM.Collect$$libinit$$00000032  c_w.l(libinit2.o)
    0x08000372   0x08000372   0x00000000   Code   RO         2802    .ARM.Collect$$libinit$$00000034  c_w.l(libinit2.o)
    0x08000372   0x08000372   0x00000002   Code   RO         2803    .ARM.Collect$$libinit$$00000035  c_w.l(libinit2.o)
    0x08000374   0x08000374   0x00000002   Code   RO         2825    .ARM.Collect$$libshutdown$$00000000  c_w.l(libshutdown.o)
    0x08000376   0x08000376   0x00000000   Code   RO         2840    .ARM.Collect$$libshutdown$$00000002  c_w.l(libshutdown2.o)
    0x08000376   0x08000376   0x00000000   Code   RO         2842    .ARM.Collect$$libshutdown$$00000004  c_w.l(libshutdown2.o)
    0x08000376   0x08000376   0x00000000   Code   RO         2845    .ARM.Collect$$libshutdown$$00000007  c_w.l(libshutdown2.o)
    0x08000376   0x08000376   0x00000000   Code   RO         2848    .ARM.Collect$$libshutdown$$0000000A  c_w.l(libshutdown2.o)
    0x08000376   0x08000376   0x00000000   Code   RO         2850    .ARM.Collect$$libshutdown$$0000000C  c_w.l(libshutdown2.o)
    0x08000376   0x08000376   0x00000000   Code   RO         2853    .ARM.Collect$$libshutdown$$0000000F  c_w.l(libshutdown2.o)
    0x08000376   0x08000376   0x00000002   Code   RO         2854    .ARM.Collect$$libshutdown$$00000010  c_w.l(libshutdown2.o)
    0x08000378   0x08000378   0x00000000   Code   RO         2724    .ARM.Collect$$rtentry$$00000000  c_w.l(__rtentry.o)
    0x08000378   0x08000378   0x00000000   Code   RO         2728    .ARM.Collect$$rtentry$$00000002  c_w.l(__rtentry2.o)
    0x08000378   0x08000378   0x00000006   Code   RO         2740    .ARM.Collect$$rtentry$$00000004  c_w.l(__rtentry4.o)
    0x0800037e   0x0800037e   0x00000000   Code   RO         2730    .ARM.Collect$$rtentry$$00000009  c_w.l(__rtentry2.o)
    0x0800037e   0x0800037e   0x00000004   Code   RO         2731    .ARM.Collect$$rtentry$$0000000A  c_w.l(__rtentry2.o)
    0x08000382   0x08000382   0x00000000   Code   RO         2733    .ARM.Collect$$rtentry$$0000000C  c_w.l(__rtentry2.o)
    0x08000382   0x08000382   0x00000008   Code   RO         2734    .ARM.Collect$$rtentry$$0000000D  c_w.l(__rtentry2.o)
    0x0800038a   0x0800038a   0x00000002   Code   RO         2755    .ARM.Collect$$rtexit$$00000000  c_w.l(rtexit.o)
    0x0800038c   0x0800038c   0x00000000   Code   RO         2805    .ARM.Collect$$rtexit$$00000002  c_w.l(rtexit2.o)
    0x0800038c   0x0800038c   0x00000004   Code   RO         2806    .ARM.Collect$$rtexit$$00000003  c_w.l(rtexit2.o)
    0x08000390   0x08000390   0x00000006   Code   RO         2807    .ARM.Collect$$rtexit$$00000004  c_w.l(rtexit2.o)
    0x08000396   0x08000396   0x00000002   PAD
    0x08000398   0x08000398   0x00000048   Code   RO            4    .text               startup_stm32h723xx.o
    0x080003e0   0x080003e0   0x00000098   Code   RO           27    .text               tx_initialize_low_level.o
    0x08000478   0x08000478   0x00000008   PAD
    0x08000480   0x08000480   0x000000c0   Code   RO         1295    .text               tx_thread_schedule.o
    0x08000540   0x08000540   0x00000040   Code   RO         1300    .text               tx_thread_stack_build.o
    0x08000580   0x08000580   0x000000b8   Code   RO         1310    .text               tx_timer_interrupt.o
    0x08000638   0x08000638   0x00000010   Code   RO         2716    .text               c_w.l(aeabi_memset.o)
    0x08000648   0x08000648   0x0000004e   Code   RO         2718    .text               c_w.l(rt_memclr_w.o)
    0x08000696   0x08000696   0x00000006   Code   RO         2720    .text               c_w.l(heapauxi.o)
    0x0800069c   0x0800069c   0x00000044   Code   RO         2725    .text               c_w.l(rt_memclr.o)
    0x080006e0   0x080006e0   0x0000004a   Code   RO         2742    .text               c_w.l(sys_stackheap_outer.o)
    0x0800072a   0x0800072a   0x00000012   Code   RO         2744    .text               c_w.l(exit.o)
    0x0800073c   0x0800073c   0x00000008   Code   RO         2752    .text               c_w.l(libspace.o)
    0x08000744   0x08000744   0x0000000c   Code   RO         2815    .text               c_w.l(sys_exit.o)
    0x08000750   0x08000750   0x00000002   Code   RO         2830    .text               c_w.l(use_no_semi.o)
    0x08000752   0x08000752   0x00000000   Code   RO         2832    .text               c_w.l(indicate_semi.o)
    0x08000752   0x08000752   0x00000006   PAD
    0x08000758   0x08000758   0x00000104   Code   RO           33    .text.App_ThreadX_Init  app_threadx.o
    0x0800085c   0x0800085c   0x00000004   PAD
    0x08000860   0x08000860   0x00000002   Code   RO           56    .text.BusFault_Handler  stm32h7xx_it.o
    0x08000862   0x08000862   0x00000006   PAD
    0x08000868   0x08000868   0x00000002   Code   RO           60    .text.DebugMon_Handler  stm32h7xx_it.o
    0x0800086a   0x0800086a   0x00000006   PAD
    0x08000870   0x08000870   0x0000002c   Code   RO         1259    .text.ExitRun0Mode  system_stm32h7xx.o
    0x0800089c   0x0800089c   0x00000004   PAD
    0x080008a0   0x080008a0   0x000001a6   Code   RO          649    .text.HAL_GPIO_Init  stm32h7xx_hal_gpio.o
    0x08000a46   0x08000a46   0x00000002   PAD
    0x08000a48   0x08000a48   0x00000010   Code   RO          657    .text.HAL_GPIO_TogglePin  stm32h7xx_hal_gpio.o
    0x08000a58   0x08000a58   0x0000000a   Code   RO          655    .text.HAL_GPIO_WritePin  stm32h7xx_hal_gpio.o
    0x08000a62   0x08000a62   0x00000006   PAD
    0x08000a68   0x08000a68   0x0000000c   Code   RO          949    .text.HAL_GetTick   stm32h7xx_hal.o
    0x08000a74   0x08000a74   0x00000004   PAD
    0x08000a78   0x08000a78   0x0000001a   Code   RO          947    .text.HAL_IncTick   stm32h7xx_hal.o
    0x08000a92   0x08000a92   0x00000006   PAD
    0x08000a98   0x08000a98   0x00000064   Code   RO          937    .text.HAL_Init      stm32h7xx_hal.o
    0x08000afc   0x08000afc   0x00000004   PAD
    0x08000b00   0x08000b00   0x000000a0   Code   RO           79    .text.HAL_InitTick  stm32h7xx_hal_timebase_tim.o
    0x08000ba0   0x08000ba0   0x0000005e   Code   RO          458    .text.HAL_MPU_ConfigRegion  stm32h7xx_hal_cortex.o
    0x08000bfe   0x08000bfe   0x00000002   PAD
    0x08000c00   0x08000c00   0x0000001a   Code   RO          450    .text.HAL_MPU_Disable  stm32h7xx_hal_cortex.o
    0x08000c1a   0x08000c1a   0x00000006   PAD
    0x08000c20   0x08000c20   0x00000020   Code   RO          452    .text.HAL_MPU_Enable  stm32h7xx_hal_cortex.o
    0x08000c40   0x08000c40   0x00000020   Code   RO           71    .text.HAL_MspInit   stm32h7xx_hal_msp.o
    0x08000c60   0x08000c60   0x00000022   Code   RO          440    .text.HAL_NVIC_EnableIRQ  stm32h7xx_hal_cortex.o
    0x08000c82   0x08000c82   0x00000006   PAD
    0x08000c88   0x08000c88   0x0000005a   Code   RO          438    .text.HAL_NVIC_SetPriority  stm32h7xx_hal_cortex.o
    0x08000ce2   0x08000ce2   0x00000006   PAD
    0x08000ce8   0x08000ce8   0x00000020   Code   RO          436    .text.HAL_NVIC_SetPriorityGrouping  stm32h7xx_hal_cortex.o
    0x08000d08   0x08000d08   0x0000004c   Code   RO          853    .text.HAL_PWREx_ConfigSupply  stm32h7xx_hal_pwr_ex.o
    0x08000d54   0x08000d54   0x00000004   PAD
    0x08000d58   0x08000d58   0x00000254   Code   RO          492    .text.HAL_RCC_ClockConfig  stm32h7xx_hal_rcc.o
    0x08000fac   0x08000fac   0x00000004   PAD
    0x08000fb0   0x08000fb0   0x00000058   Code   RO          510    .text.HAL_RCC_GetClockConfig  stm32h7xx_hal_rcc.o
    0x08001008   0x08001008   0x00000060   Code   RO          506    .text.HAL_RCC_GetPCLK2Freq  stm32h7xx_hal_rcc.o
    0x08001068   0x08001068   0x0000011c   Code   RO          494    .text.HAL_RCC_GetSysClockFreq  stm32h7xx_hal_rcc.o
    0x08001184   0x08001184   0x00000004   PAD
    0x08001188   0x08001188   0x0000052c   Code   RO          490    .text.HAL_RCC_OscConfig  stm32h7xx_hal_rcc.o
    0x080016b4   0x080016b4   0x00000004   PAD
    0x080016b8   0x080016b8   0x00000002   Code   RO          422    .text.HAL_TIMEx_Break2Callback  stm32h7xx_hal_tim_ex.o
    0x080016ba   0x080016ba   0x00000006   PAD
    0x080016c0   0x080016c0   0x00000002   Code   RO          420    .text.HAL_TIMEx_BreakCallback  stm32h7xx_hal_tim_ex.o
    0x080016c2   0x080016c2   0x00000006   PAD
    0x080016c8   0x080016c8   0x00000002   Code   RO          416    .text.HAL_TIMEx_CommutCallback  stm32h7xx_hal_tim_ex.o
    0x080016ca   0x080016ca   0x00000006   PAD
    0x080016d0   0x080016d0   0x00000060   Code   RO          105    .text.HAL_TIM_Base_Init  stm32h7xx_hal_tim.o
    0x08001730   0x08001730   0x00000002   Code   RO          107    .text.HAL_TIM_Base_MspInit  stm32h7xx_hal_tim.o
    0x08001732   0x08001732   0x00000006   PAD
    0x08001738   0x08001738   0x000000dc   Code   RO          119    .text.HAL_TIM_Base_Start_IT  stm32h7xx_hal_tim.o
    0x08001814   0x08001814   0x00000004   PAD
    0x08001818   0x08001818   0x00000002   Code   RO          241    .text.HAL_TIM_IC_CaptureCallback  stm32h7xx_hal_tim.o
    0x0800181a   0x0800181a   0x00000006   PAD
    0x08001820   0x08001820   0x0000016c   Code   RO          239    .text.HAL_TIM_IRQHandler  stm32h7xx_hal_tim.o
    0x0800198c   0x0800198c   0x00000004   PAD
    0x08001990   0x08001990   0x00000002   Code   RO          243    .text.HAL_TIM_OC_DelayElapsedCallback  stm32h7xx_hal_tim.o
    0x08001992   0x08001992   0x00000006   PAD
    0x08001998   0x08001998   0x00000002   Code   RO          245    .text.HAL_TIM_PWM_PulseFinishedCallback  stm32h7xx_hal_tim.o
    0x0800199a   0x0800199a   0x00000006   PAD
    0x080019a0   0x080019a0   0x00000014   Code   RO           17    .text.HAL_TIM_PeriodElapsedCallback  main.o
    0x080019b4   0x080019b4   0x00000004   PAD
    0x080019b8   0x080019b8   0x00000002   Code   RO          249    .text.HAL_TIM_TriggerCallback  stm32h7xx_hal_tim.o
    0x080019ba   0x080019ba   0x00000006   PAD
    0x080019c0   0x080019c0   0x00000002   Code   RO           52    .text.HardFault_Handler  stm32h7xx_it.o
    0x080019c2   0x080019c2   0x00000006   PAD
    0x080019c8   0x080019c8   0x00000004   Code   RO           37    .text.MX_ThreadX_Init  app_threadx.o
    0x080019cc   0x080019cc   0x00000004   PAD
    0x080019d0   0x080019d0   0x00000002   Code   RO           54    .text.MemManage_Handler  stm32h7xx_it.o
    0x080019d2   0x080019d2   0x00000006   PAD
    0x080019d8   0x080019d8   0x00000002   Code   RO           50    .text.NMI_Handler   stm32h7xx_it.o
    0x080019da   0x080019da   0x00000006   PAD
    0x080019e0   0x080019e0   0x000000c8   Code   RO           13    .text.SystemClock_Config  main.o
    0x08001aa8   0x08001aa8   0x000000d2   Code   RO         1255    .text.SystemInit    system_stm32h7xx.o
    0x08001b7a   0x08001b7a   0x00000006   PAD
    0x08001b80   0x08001b80   0x0000002e   Code   RO           62    .text.TIM23_IRQHandler  stm32h7xx_it.o
    0x08001bae   0x08001bae   0x00000002   PAD
    0x08001bb0   0x08001bb0   0x00000178   Code   RO          109    .text.TIM_Base_SetConfig  stm32h7xx_hal_tim.o
    0x08001d28   0x08001d28   0x00000002   Code   RO           58    .text.UsageFault_Handler  stm32h7xx_it.o
    0x08001d2a   0x08001d2a   0x00000006   PAD
    0x08001d30   0x08001d30   0x000000da   Code   RO         1408    .text._tx_byte_allocate  tx_byte_allocate.o
    0x08001e0a   0x08001e0a   0x00000006   PAD
    0x08001e10   0x08001e10   0x00000092   Code   RO         1417    .text._tx_byte_pool_cleanup  tx_byte_pool_cleanup.o
    0x08001ea2   0x08001ea2   0x00000006   PAD
    0x08001ea8   0x08001ea8   0x00000088   Code   RO         1427    .text._tx_byte_pool_create  tx_byte_pool_create.o
    0x08001f30   0x08001f30   0x000000fa   Code   RO         1465    .text._tx_byte_pool_search  tx_byte_pool_search.o
    0x0800202a   0x0800202a   0x00000006   PAD
    0x08002030   0x08002030   0x0000002e   Code   RO         1316    .text._tx_initialize_high_level  tx_initialize_high_level.o
    0x0800205e   0x0800205e   0x00000002   PAD
    0x08002060   0x08002060   0x0000004e   Code   RO         1326    .text._tx_initialize_kernel_enter  tx_initialize_kernel_enter.o
    0x080020ae   0x080020ae   0x00000002   PAD
    0x080020b0   0x080020b0   0x0000006a   Code   RO         1563    .text._tx_mutex_create  tx_mutex_create.o
    0x0800211a   0x0800211a   0x00000006   PAD
    0x08002120   0x08002120   0x000000be   Code   RO         1600    .text._tx_mutex_prioritize  tx_mutex_prioritize.o
    0x080021de   0x080021de   0x00000002   PAD
    0x080021e0   0x080021e0   0x000000be   Code   RO         1609    .text._tx_mutex_priority_change  tx_mutex_priority_change.o
    0x0800229e   0x0800229e   0x00000002   PAD
    0x080022a0   0x080022a0   0x0000027c   Code   RO         1619    .text._tx_mutex_put  tx_mutex_put.o
    0x0800251c   0x0800251c   0x00000004   PAD
    0x08002520   0x08002520   0x00000046   Code   RO         1553    .text._tx_mutex_thread_release  tx_mutex_cleanup.o
    0x08002566   0x08002566   0x00000002   PAD
    0x08002568   0x08002568   0x0000007c   Code   RO         1638    .text._tx_queue_create  tx_queue_create.o
    0x080025e4   0x080025e4   0x00000004   PAD
    0x080025e8   0x080025e8   0x0000005c   Code   RO         1741    .text._tx_semaphore_create  tx_semaphore_create.o
    0x08002644   0x08002644   0x00000004   PAD
    0x08002648   0x08002648   0x0000014e   Code   RO         1806    .text._tx_thread_create  tx_thread_create.o
    0x08002796   0x08002796   0x00000002   PAD
    0x08002798   0x08002798   0x00000036   Code   RO         1854    .text._tx_thread_initialize  tx_thread_initialize.o
    0x080027ce   0x080027ce   0x00000002   PAD
    0x080027d0   0x080027d0   0x0000005a   Code   RO         1917    .text._tx_thread_shell_entry  tx_thread_shell_entry.o
    0x0800282a   0x0800282a   0x00000006   PAD
    0x08002830   0x08002830   0x00000092   Code   RO         1926    .text._tx_thread_sleep  tx_thread_sleep.o
    0x080028c2   0x080028c2   0x00000006   PAD
    0x080028c8   0x080028c8   0x0000004c   Code   RO         1965    .text._tx_thread_system_preempt_check  tx_thread_system_preempt_check.o
    0x08002914   0x08002914   0x00000004   PAD
    0x08002918   0x08002918   0x00000130   Code   RO         1975    .text._tx_thread_system_resume  tx_thread_system_resume.o
    0x08002a48   0x08002a48   0x0000018e   Code   RO         1985    .text._tx_thread_system_suspend  tx_thread_system_suspend.o
    0x08002bd6   0x08002bd6   0x00000002   PAD
    0x08002bd8   0x08002bd8   0x00000070   Code   RO         2005    .text._tx_thread_time_slice  tx_thread_time_slice.o
    0x08002c48   0x08002c48   0x00000036   Code   RO         2025    .text._tx_thread_timeout  tx_thread_timeout.o
    0x08002c7e   0x08002c7e   0x00000002   PAD
    0x08002c80   0x08002c80   0x00000024   Code   RO         2601    .text._tx_timer_expiration_process  tx_timer_expiration_process.o
    0x08002ca4   0x08002ca4   0x00000004   PAD
    0x08002ca8   0x08002ca8   0x000000a4   Code   RO         2620    .text._tx_timer_initialize  tx_timer_initialize.o
    0x08002d4c   0x08002d4c   0x00000004   PAD
    0x08002d50   0x08002d50   0x0000005a   Code   RO         2633    .text._tx_timer_system_activate  tx_timer_system_activate.o
    0x08002daa   0x08002daa   0x00000006   PAD
    0x08002db0   0x08002db0   0x0000003a   Code   RO         2642    .text._tx_timer_system_deactivate  tx_timer_system_deactivate.o
    0x08002dea   0x08002dea   0x00000006   PAD
    0x08002df0   0x08002df0   0x00000142   Code   RO         2651    .text._tx_timer_thread_entry  tx_timer_thread_entry.o
    0x08002f32   0x08002f32   0x00000006   PAD
    0x08002f38   0x08002f38   0x000000b8   Code   RO         2118    .text._txe_byte_allocate  txe_byte_allocate.o
    0x08002ff0   0x08002ff0   0x00000176   Code   RO         2127    .text._txe_byte_pool_create  txe_byte_pool_create.o
    0x08003166   0x08003166   0x00000002   PAD
    0x08003168   0x08003168   0x00000148   Code   RO         2228    .text._txe_mutex_create  txe_mutex_create.o
    0x080032b0   0x080032b0   0x0000017e   Code   RO         2283    .text._txe_queue_create  txe_queue_create.o
    0x0800342e   0x0800342e   0x00000002   PAD
    0x08003430   0x08003430   0x00000122   Code   RO         2373    .text._txe_semaphore_create  txe_semaphore_create.o
    0x08003552   0x08003552   0x00000006   PAD
    0x08003558   0x08003558   0x000001a0   Code   RO         2437    .text._txe_thread_create  txe_thread_create.o
    0x080036f8   0x080036f8   0x000000de   Code   RO           11    .text.main          main.o
    0x080037d6   0x080037d6   0x00000002   PAD
    0x080037d8   0x080037d8   0x00000008   Code   RO           35    .text.tx_app_thread_entry  app_threadx.o
    0x080037e0   0x080037e0   0x00000054   Code   RO           94    .text.tx_application_define  app_azure_rtos.o
    0x08003834   0x08003834   0x0000001a   Code   RO         2813    x$fpl$fpinit        fz_wv.l(fpinit.o)
    0x0800384e   0x0800384e   0x00000010   Data   RO         1261    .rodata.D1CorePrescTable  system_stm32h7xx.o
    0x0800385e   0x0800385e   0x00000002   PAD
    0x08003860   0x08003860   0x00000020   Data   RO         2888    Region$$Table       anon$$obj.o


    Execution Region RW_IRAM1 (Exec base: 0x20000000, Load base: 0x08003880, Size: 0x00000000, Max: 0x00020000, ABSOLUTE)

    **** No section assigned to this execution region ****


    Execution Region RW_IRAM2 (Exec base: 0x24000000, Load base: 0x08003880, Size: 0x00001278, Max: 0x00050000, ABSOLUTE)

    Exec Addr    Load Addr    Size         Type   Attr      Idx    E Section Name        Object

    0x24000000   0x08003880   0x00000008   Data   RW         1046    .data..L_MergedGlobals  stm32h7xx_hal.o
    0x24000008   0x08003888   0x00000008   Data   RW         1262    .data..L_MergedGlobals  system_stm32h7xx.o
    0x24000010   0x08003890   0x00000004   Data   RW         1857    .data._tx_thread_system_state  tx_thread_initialize.o
    0x24000014   0x08003894   0x00000004   PAD
    0x24000018        -       0x00000060   Zero   RW         2753    .bss                c_w.l(libspace.o)
    0x24000078        -       0x00000050   Zero   RW           41    .bss..L_MergedGlobals  app_threadx.o
    0x240000c8        -       0x00000030   Zero   RW         1319    .bss..L_MergedGlobals  tx_initialize_high_level.o
    0x240000f8        -       0x00000024   Zero   RW         1861    .bss..L_MergedGlobals  tx_thread_initialize.o
    0x2400011c        -       0x00000034   Zero   RW         2625    .bss..L_MergedGlobals  tx_timer_initialize.o
    0x24000150        -       0x00000004   Zero   RW         1318    .bss._tx_initialize_unused_memory  tx_initialize_high_level.o
    0x24000154        -       0x00000080   Zero   RW         1859    .bss._tx_thread_priority_list  tx_thread_initialize.o
    0x240001d4        -       0x00000004   Zero   RW         1860    .bss._tx_thread_system_stack_ptr  tx_thread_initialize.o
    0x240001d8        -       0x00000080   Zero   RW         2622    .bss._tx_timer_list  tx_timer_initialize.o
    0x24000258        -       0x000000b0   Zero   RW         2624    .bss._tx_timer_thread  tx_timer_initialize.o
    0x24000308        -       0x00000400   Zero   RW         2623    .bss._tx_timer_thread_stack_area  tx_timer_initialize.o
    0x24000708        -       0x0000004c   Zero   RW           85    .bss.htim23         stm32h7xx_hal_timebase_tim.o
    0x24000754        -       0x00000034   Zero   RW           96    .bss.tx_app_byte_pool  app_azure_rtos.o
    0x24000788        -       0x00000038   Zero   RW           40    .bss.tx_app_msg_queue  app_threadx.o
    0x240007c0        -       0x000000b0   Zero   RW           39    .bss.tx_app_thread  app_threadx.o
    0x24000870        -       0x00000400   Zero   RW           97    .bss.tx_byte_pool_buffer  app_azure_rtos.o
    0x24000c70        -       0x00000004   Zero   RW         1045    .bss.uwTick         stm32h7xx_hal.o
    0x24000c74   0x08003894   0x00000004   PAD
    0x24000c78        -       0x00000200   Zero   RW            2    HEAP                startup_stm32h723xx.o
    0x24000e78        -       0x00000400   Zero   RW            1    STACK               startup_stm32h723xx.o


==============================================================================

Image component sizes


      Code (inc. data)   RO Data    RW Data    ZI Data      Debug   Object Name

        84         20          0          0       1076       4110   app_azure_rtos.o
       272         68          0          0        312       5481   app_threadx.o
       442          0          0          0          0       9025   main.o
        72         30        716          0       1536        836   startup_stm32h723xx.o
       138          0          0          8          4      16012   stm32h7xx_hal.o
       308          0          0          0          0      12430   stm32h7xx_hal_cortex.o
       448          0          0          0          0       7027   stm32h7xx_hal_gpio.o
        32          0          0          0          0       2235   stm32h7xx_hal_msp.o
        76          0          0          0          0       9750   stm32h7xx_hal_pwr_ex.o
      2388         24          0          0          0      11691   stm32h7xx_hal_rcc.o
      1066          0          0          0          0      67566   stm32h7xx_hal_tim.o
         6          0          0          0          0      27283   stm32h7xx_hal_tim_ex.o
       160          0          0          0         76       9661   stm32h7xx_hal_timebase_tim.o
        58          0          0          0          0       2538   stm32h7xx_it.o
       254          0         16          8          0       5656   system_stm32h7xx.o
       218          0          0          0          0       5284   tx_byte_allocate.o
       146          0          0          0          0       4790   tx_byte_pool_cleanup.o
       136          0          0          0          0       4985   tx_byte_pool_create.o
       250          0          0          0          0       6021   tx_byte_pool_search.o
        46          0          0          0         52       6304   tx_initialize_high_level.o
        78          0          0          0          0        791   tx_initialize_kernel_enter.o
       152         32          0          0          0        652   tx_initialize_low_level.o
        70          0          0          0          0       4994   tx_mutex_cleanup.o
       106          0          0          0          0       4030   tx_mutex_create.o
       190          0          0          0          0       4559   tx_mutex_prioritize.o
       190          0          0          0          0       4480   tx_mutex_priority_change.o
       636          0          0          0          0       5974   tx_mutex_put.o
       124          0          0          0          0       4726   tx_queue_create.o
        92          0          0          0          0       4242   tx_semaphore_create.o
       334          0          0          0          0       5038   tx_thread_create.o
        54          0          0          4        168       3958   tx_thread_initialize.o
       192         16          0          0          0        839   tx_thread_schedule.o
        90          0          0          0          0       4014   tx_thread_shell_entry.o
       146          0          0          0          0       4354   tx_thread_sleep.o
        64          0          0          0          0        457   tx_thread_stack_build.o
        76          0          0          0          0       3973   tx_thread_system_preempt_check.o
       304          0          0          0          0       4910   tx_thread_system_resume.o
       398          0          0          0          0       5296   tx_thread_system_suspend.o
       112          0          0          0          0       3831   tx_thread_time_slice.o
        54          0          0          0          0       3952   tx_thread_timeout.o
        36          0          0          0          0       3750   tx_timer_expiration_process.o
       164         20          0          0       1380       4320   tx_timer_initialize.o
       184         44          0          0          0        810   tx_timer_interrupt.o
        90          0          0          0          0       1539   tx_timer_system_activate.o
        58          0          0          0          0       1454   tx_timer_system_deactivate.o
       322          0          0          0          0       5010   tx_timer_thread_entry.o
       184          0          0          0          0       4616   txe_byte_allocate.o
       374          0          0          0          0       5625   txe_byte_pool_create.o
       328          0          0          0          0       4890   txe_mutex_create.o
       382          0          0          0          0       5550   txe_queue_create.o
       290          0          0          0          0       5180   txe_semaphore_create.o
       416          0          0          0          0       5532   txe_thread_create.o

    ----------------------------------------------------------------------
     13180        266        766         20       4612     342031   Object Totals
         0          0         32          0          0          0   (incl. Generated)
       290         12          2          0          8          0   (incl. Padding)

    ----------------------------------------------------------------------

      Code (inc. data)   RO Data    RW Data    ZI Data      Debug   Library Member Name

         8          0          0          0          0         68   __main.o
         0          0          0          0          0          0   __rtentry.o
        12          0          0          0          0          0   __rtentry2.o
         6          0          0          0          0          0   __rtentry4.o
        94          8          0          0          0          0   __scatter.o
        26          0          0          0          0          0   __scatter_copy.o
        28          0          0          0          0          0   __scatter_zi.o
        16          0          0          0          0         68   aeabi_memset.o
        18          0          0          0          0         80   exit.o
         6          0          0          0          0        152   heapauxi.o
         0          0          0          0          0          0   indicate_semi.o
         2          0          0          0          0          0   libinit.o
         6          0          0          0          0          0   libinit2.o
         2          0          0          0          0          0   libshutdown.o
         2          0          0          0          0          0   libshutdown2.o
         8          4          0          0         96         68   libspace.o
        68          0          0          0          0         68   rt_memclr.o
        78          0          0          0          0         80   rt_memclr_w.o
         2          0          0          0          0          0   rtexit.o
        10          0          0          0          0          0   rtexit2.o
        12          4          0          0          0         68   sys_exit.o
        74          0          0          0          0         80   sys_stackheap_outer.o
         2          0          0          0          0         68   use_no_semi.o
        26          0          0          0          0        116   fpinit.o

    ----------------------------------------------------------------------
       518         16          0          0         96        916   Library Totals
        12          0          0          0          0          0   (incl. Padding)

    ----------------------------------------------------------------------

      Code (inc. data)   RO Data    RW Data    ZI Data      Debug   Library Name

       480         16          0          0         96        800   c_w.l
        26          0          0          0          0        116   fz_wv.l

    ----------------------------------------------------------------------
       518         16          0          0         96        916   Library Totals

    ----------------------------------------------------------------------

==============================================================================


      Code (inc. data)   RO Data    RW Data    ZI Data      Debug   

     13698        282        766         20       4708     341783   Grand Totals
     13698        282        766         20       4708     341783   ELF Image Totals
     13698        282        766         20          0          0   ROM Totals

==============================================================================

    Total RO  Size (Code + RO Data)                14464 (  14.12kB)
    Total RW  Size (RW Data + ZI Data)              4728 (   4.62kB)
    Total ROM Size (Code + RO Data + RW Data)      14484 (  14.14kB)

==============================================================================

